******************************************************************************
                  TI ARM Linker PC v20.2.7                     
******************************************************************************
>> Linked Sun Feb 26 18:14:57 2023

OUTPUT FILE NAME:   <Lab 02.out>
ENTRY POINT SYMBOL: "_c_int00_noargs"  address: 00003d91


MEMORY CONFIGURATION

         name            origin    length      used     unused   attr    fill
----------------------  --------  ---------  --------  --------  ----  --------
  MAIN                  00000000   00040000  000044bd  0003bb43  R  X
  INFO                  00200000   00004000  00000000  00004000  R  X
  SRAM_CODE             01000000   00010000  00000cdb  0000f325  RW X
  SRAM_DATA             20000000   00010000  00000cdb  0000f325  RW  


SEGMENT ALLOCATION MAP

run origin  load origin   length   init length attrs members
----------  ----------- ---------- ----------- ----- -------
00000000    00000000    000044c0   000044c0    r-x
  00000000    00000000    000000e4   000000e4    r-- .intvecs
  000000e4    000000e4    00004184   00004184    r-x .text
  00004268    00004268    0000019d   0000019d    r-- .const
  00004408    00004408    000000b8   000000b8    r-- .cinit
20000000    20000000    000008de   00000000    rw-
  20000000    20000000    000000e8   00000000    rw- .vtable
  200000e8    200000e8    00000400   00000000    rw- .sysmem
  200004e8    200004e8    00000205   00000000    rw- .data
  200006f0    200006f0    000001ee   00000000    rw- .bss
2000fc00    2000fc00    00000400   00000000    rw-
  2000fc00    2000fc00    00000400   00000000    rw- .stack


SECTION ALLOCATION MAP

 output                                  attributes/
section   page    origin      length       input sections
--------  ----  ----------  ----------   ----------------
.intvecs   0    00000000    000000e4     
                  00000000    000000e4     startup_msp432p401r_ccs.obj (.intvecs:retain)

.text      0    000000e4    00004184     
                  000000e4    00000a4e     rtsv7M4_T_le_v4SPD16_eabi.lib : _printfi.c.obj (.text:__TI_printfi)
                  00000b32    00000002     startup_msp432p401r_ccs.obj (.text:Default_Handler)
                  00000b34    00000270     rtsv7M4_T_le_v4SPD16_eabi.lib : _printfi.c.obj (.text:_pconv_a)
                  00000da4    000001d0                                   : _printfi.c.obj (.text:_pconv_g)
                  00000f74    000001b6                                   : fd_add_t2.asm.obj (.text)
                  0000112a    00000002                                   : _lock.c.obj (.text:_nop)
                  0000112c    000001b0     main.obj (.text:input_colors_state)
                  000012dc    0000015c     main.obj (.text:GPIO_Init)
                  00001438    00000144     msp432p4xx_driverlib.lib : timer_a.o (.text:privateTimer_AProcessClockSourceDivider)
                  0000157c    00000144     main.obj (.text:set_RGB_LED)
                  000016c0    0000013c     rtsv7M4_T_le_v4SPD16_eabi.lib : _printfi.c.obj (.text:_pconv_e)
                  000017fc    00000136                                   : fd_div_t2.asm.obj (.text)
                  00001932    00000002                                   : div0.asm.obj (.text)
                  00001934    00000124                                   : _printfi.c.obj (.text:fcvt)
                  00001a58    0000011c     msp432p4xx_driverlib.lib : uart.o (.text:UART_initModule)
                  00001b74    00000114     rtsv7M4_T_le_v4SPD16_eabi.lib : fputs.c.obj (.text:fputs)
                  00001c88    00000110                                   : fopen.c.obj (.text:_openfile)
                  00001d98    00000110                                   : s_scalbn.c.obj (.text:scalbn)
                  00001ea8    00000100                                   : memory.c.obj (.text:aligned_alloc)
                  00001fa8    000000fc                                   : fd_mul_t2.asm.obj (.text)
                  000020a4    000000e4                                   : memory.c.obj (.text:free)
                  00002188    000000dc                                   : setvbuf.c.obj (.text:setvbuf)
                  00002264    000000d2     msp432p4xx_driverlib.lib : timer_a.o (.text:Timer_A_registerInterrupt)
                  00002336    00000002     --HOLE-- [fill = 0]
                  00002338    000000c8     main.obj (.text:main)
                  00002400    000000c8     main.obj (.text:same_port_interrupt)
                  000024c8    000000bc     rtsv7M4_T_le_v4SPD16_eabi.lib : open.c.obj (.text:open)
                  00002584    000000b8                                   : add_device.c.obj (.text:add_device)
                  0000263c    000000b1                                   : _printfi.c.obj (.text:_ltostr)
                  000026ed    00000003     --HOLE-- [fill = 0]
                  000026f0    000000ac     main.obj (.text:set_RGB_LED_by_BMP)
                  0000279c    0000009c     engr2350_msp432.obj (.text:init_std_uart)
                  00002838    0000009c     rtsv7M4_T_le_v4SPD16_eabi.lib : memcpy_t2.asm.obj (.text)
                  000028d4    0000009c     main.obj (.text:show_colors_state)
                  00002970    00000098     system_msp432p401r.obj (.text:SystemInit)
                  00002a08    00000096     rtsv7M4_T_le_v4SPD16_eabi.lib : ull_div_t2.asm.obj (.text)
                  00002a9e    00000002     --HOLE-- [fill = 0]
                  00002aa0    0000008c     main.obj (.text:bmp_interrupt)
                  00002b2c    0000008c     rtsv7M4_T_le_v4SPD16_eabi.lib : fputc.c.obj (.text:fputc)
                  00002bb8    00000086                                   : fd_cmp_t2.asm.obj (.text:__aeabi_cdcmple)
                  00002c3e    00000086                                   : fd_cmp_t2.asm.obj (.text:__aeabi_cdrcmple)
                  00002cc4    00000084     msp432p4xx_driverlib.lib : gpio.o (.text:GPIO_getEnabledInterruptStatus)
                  00002d48    00000080                              : interrupt.o (.text:Interrupt_enableInterrupt)
                  00002dc8    00000080     engr2350_msp432.obj (.text:dopen)
                  00002e48    0000007a     rtsv7M4_T_le_v4SPD16_eabi.lib : memset_t2.asm.obj (.text)
                  00002ec2    00000002     --HOLE-- [fill = 0]
                  00002ec4    00000078     main.obj (.text:game_done_state)
                  00002f3c    00000078     main.obj (.text:set_BILED)
                  00002fb4    00000074     rtsv7M4_T_le_v4SPD16_eabi.lib : fclose.c.obj (.text:__TI_closefile)
                  00003028    00000070                                   : memory.c.obj (.text:split)
                  00003098    0000006e                                   : _printfi.c.obj (.text:_mcpy)
                  00003106    00000002     --HOLE-- [fill = 0]
                  00003108    0000006c                                   : hostrename.c.obj (.text:HOSTrename)
                  00003174    00000068                                   : hostlseek.c.obj (.text:HOSTlseek)
                  000031dc    00000068     msp432p4xx_driverlib.lib : timer_a.o (.text:Timer_A_configureUpMode)
                  00003244    00000068     rtsv7M4_T_le_v4SPD16_eabi.lib : copy_decompress_lzss.c.obj (.text:decompress:lzss:__TI_decompress_lzss)
                  000032ac    00000068                                   : printf.c.obj (.text:printf)
                  00003314    00000064                                   : s_frexp.c.obj (.text:frexp)
                  00003378    00000064                                   : fseek.c.obj (.text:fseek)
                  000033dc    00000062                                   : _io_perm.c.obj (.text:__TI_wrt_ok)
                  0000343e    00000002     --HOLE-- [fill = 0]
                  00003440    00000060                                   : hostopen.c.obj (.text:HOSTopen)
                  000034a0    0000005c     msp432p4xx_driverlib.lib : interrupt.o (.text:Interrupt_registerInterrupt)
                  000034fc    0000005c     rtsv7M4_T_le_v4SPD16_eabi.lib : close.c.obj (.text:close)
                  00003558    00000058     msp432p4xx_driverlib.lib : gpio.o (.text:GPIO_setAsInputPinWithPullUpResistor)
                  000035b0    00000058     rtsv7M4_T_le_v4SPD16_eabi.lib : hostread.c.obj (.text:HOSTread)
                  00003608    00000058                                   : hostwrite.c.obj (.text:HOSTwrite)
                  00003660    00000058     main.obj (.text:pb_interrupt)
                  000036b8    00000056     rtsv7M4_T_le_v4SPD16_eabi.lib : _printfi.c.obj (.text:_pconv_f)
                  0000370e    00000002     --HOLE-- [fill = 0]
                  00003710    00000054     main.obj (.text:Timers_Init)
                  00003764    00000054     rtsv7M4_T_le_v4SPD16_eabi.lib : _ltoa.c.obj (.text:__TI_ltoa)
                  000037b8    00000054     engr2350_msp432.obj (.text:dread)
                  0000380c    00000052     rtsv7M4_T_le_v4SPD16_eabi.lib : _printfi.c.obj (.text:_ecpy)
                  0000385e    00000002     --HOLE-- [fill = 0]
                  00003860    0000004c     msp432p4xx_driverlib.lib : gpio.o (.text:GPIO_setAsInputPin)
                  000038ac    0000004c     rtsv7M4_T_le_v4SPD16_eabi.lib : fflush.c.obj (.text:__TI_doflush)
                  000038f8    0000004c                                   : atoi.c.obj (.text:atoi)
                  00003944    00000048     main.obj (.text:Pattern_Init)
                  0000398c    00000048     engr2350_msp432.obj (.text:dwrite)
                  000039d4    00000048     rtsv7M4_T_le_v4SPD16_eabi.lib : exit.c.obj (.text:exit)
                  00003a1c    00000048                                   : fd_toi_t2.asm.obj (.text)
                  00003a64    00000044                                   : hostclose.c.obj (.text:HOSTclose)
                  00003aa8    00000044                                   : hostunlink.c.obj (.text:HOSTunlink)
                  00003aec    00000044                                   : autoinit.c.obj (.text:__TI_auto_init_nobinit_nopinit:__TI_auto_init_nobinit_nopinit)
                  00003b30    00000044                                   : getdevice.c.obj (.text:getdevice)
                  00003b74    00000044     main.obj (.text:test_buttons_state)
                  00003bb8    00000044     main.obj (.text:wait_seconds)
                  00003bfc    00000040     msp432p4xx_driverlib.lib : gpio.o (.text:GPIO_setAsOutputPin)
                  00003c3c    0000003e     rtsv7M4_T_le_v4SPD16_eabi.lib : _printfi.c.obj (.text:_fcpy)
                  00003c7a    00000002     --HOLE-- [fill = 0]
                  00003c7c    0000003c     msp432p4xx_driverlib.lib : gpio.o (.text:GPIO_interruptEdgeSelect)
                  00003cb8    00000038     rtsv7M4_T_le_v4SPD16_eabi.lib : trgmsg.c.obj (.text:__TI_writemsg)
                  00003cf0    00000036                                   : strncpy.c.obj (.text:strncpy)
                  00003d26    00000002     --HOLE-- [fill = 0]
                  00003d28    00000034                                   : fopen.c.obj (.text:__TI_cleanup)
                  00003d5c    00000034                                   : trgmsg.c.obj (.text:__TI_readmsg)
                  00003d90    00000034                                   : boot_cortex_m.c.obj (.text:_c_int00_noargs:_c_int00_noargs)
                  00003dc4    00000034                                   : fopen.c.obj (.text:freopen)
                  00003df8    00000034                                   : rand.c.obj (.text:rand)
                  00003e2c    00000030     msp432p4xx_driverlib.lib : gpio.o (.text:GPIO_getInputPinValue)
                  00003e5c    00000030     rtsv7M4_T_le_v4SPD16_eabi.lib : getdevice.c.obj (.text:finddevice)
                  00003e8c    0000002e                                   : i_tofd_t2.asm.obj (.text)
                  00003eba    00000002     --HOLE-- [fill = 0]
                  00003ebc    0000002c                                   : unlink.c.obj (.text:unlink)
                  00003ee8    00000028     msp432p4xx_driverlib.lib : gpio.o (.text:GPIO_clearInterruptFlag)
                  00003f10    00000028                              : gpio.o (.text:GPIO_enableInterrupt)
                  00003f38    00000028                              : gpio.o (.text:GPIO_setOutputHighOnPin)
                  00003f60    00000028                              : gpio.o (.text:GPIO_setOutputLowOnPin)
                  00003f88    00000028     rtsv7M4_T_le_v4SPD16_eabi.lib : memory.c.obj (.text:free_list_insert)
                  00003fb0    00000028                                   : lseek.c.obj (.text:lseek)
                  00003fd8    00000028                                   : write.c.obj (.text:write)
                  00004000    00000024     msp432p4xx_driverlib.lib : gpio.o (.text:GPIO_getInterruptStatus)
                  00004024    00000024                              : gpio.o (.text:GPIO_registerInterrupt)
                  00004048    00000024     rtsv7M4_T_le_v4SPD16_eabi.lib : rand.c.obj (.text:srand)
                  0000406c    00000020                                   : memchr.c.obj (.text:memchr)
                  0000408c    0000001c     engr2350_msp432.obj (.text:dclose)
                  000040a8    0000001c     rtsv7M4_T_le_v4SPD16_eabi.lib : copy_zero_init.c.obj (.text:decompress:ZI:__TI_zero_init_nomemset:__TI_zero_init_nomemset)
                  000040c4    0000001c                                   : memory.c.obj (.text:free_list_remove)
                  000040e0    0000001c                                   : memccpy.c.obj (.text:memccpy)
                  000040fc    0000001c     main.obj (.text:timer50ms_interrupt)
                  00004118    0000001a     rtsv7M4_T_le_v4SPD16_eabi.lib : s_copysign.c.obj (.text:copysign)
                  00004132    00000002     --HOLE-- [fill = 0]
                  00004134    00000018     msp432p4xx_driverlib.lib : timer_a.o (.text:Timer_A_clearTimer)
                  0000414c    00000018     rtsv7M4_T_le_v4SPD16_eabi.lib : strcmp.c.obj (.text:strcmp)
                  00004164    00000016     msp432p4xx_driverlib.lib : timer_a.o (.text:Timer_A_clearInterruptFlag)
                  0000417a    00000016                              : timer_a.o (.text:Timer_A_startCounter)
                  00004190    00000016     rtsv7M4_T_le_v4SPD16_eabi.lib : strchr.c.obj (.text:strchr)
                  000041a6    00000014     msp432p4xx_driverlib.lib : timer_a.o (.text:Timer_A_stopTimer)
                  000041ba    00000014     rtsv7M4_T_le_v4SPD16_eabi.lib : strcpy.c.obj (.text:strcpy)
                  000041ce    00000014                                   : strlen.c.obj (.text:strlen)
                  000041e2    00000012     engr2350_msp432.obj (.text:dlseek)
                  000041f4    00000012     rtsv7M4_T_le_v4SPD16_eabi.lib : wcslen.c.obj (.text:wcslen)
                  00004206    00000010     engr2350_msp432.obj (.text:drename)
                  00004216    0000000e     rtsv7M4_T_le_v4SPD16_eabi.lib : copy_decompress_none.c.obj (.text:decompress:none:__TI_decompress_none)
                  00004224    0000000e     engr2350_msp432.obj (.text:dunlink)
                  00004232    0000000c     startup_msp432p401r_ccs.obj (.text:Reset_Handler)
                  0000423e    00000008     engr2350_msp432.obj (.text:SysInit)
                  00004246    00000002     --HOLE-- [fill = 0]
                  00004248    00000008     rtsv7M4_T_le_v4SPD16_eabi.lib : errno.c.obj (.text:__aeabi_errno_addr)
                  00004250    00000008                                   : memory.c.obj (.text:malloc)
                  00004258    00000004                                   : printf.c.obj (.text:_outc)
                  0000425c    00000004                                   : printf.c.obj (.text:_outs)
                  00004260    00000004                                   : pre_init.c.obj (.text:_system_pre_init)
                  00004264    00000004                                   : exit.c.obj (.text:abort:abort)

.const     0    00004268    0000019d     
                  00004268    00000101     rtsv7M4_T_le_v4SPD16_eabi.lib : ctype.c.obj (.const:.string:_ctypes_)
                  00004369    00000003     --HOLE-- [fill = 0]
                  0000436c    00000030     msp432p4xx_driverlib.lib : gpio.o (.const:GPIO_PORT_TO_BASE)
                  0000439c    00000028     engr2350_msp432.obj (.const:$P$T1$2)
                  000043c4    0000001c     msp432p4xx_driverlib.lib : gpio.o (.const:GPIO_PORT_TO_INT)
                  000043e0    00000018     main.obj (.const:$P$T1$1)
                  000043f8    00000008     msp432p4xx_driverlib.lib : interrupt.o (.const:g_pulEnRegs)
                  00004400    00000005     engr2350_msp432.obj (.const:.string:$P$T0$1)

.cinit     0    00004408    000000b8     
                  00004408    00000081     (.cinit..data.load) [load image, compression = lzss]
                  00004489    00000003     --HOLE-- [fill = 0]
                  0000448c    0000000c     (__TI_handler_table)
                  00004498    00000008     (.cinit..bss.load) [load image, compression = zero_init]
                  000044a0    00000008     (.cinit..vtable.load) [load image, compression = zero_init]
                  000044a8    00000018     (__TI_cinit_table)

.init_array 
*          0    00000000    00000000     UNINITIALIZED

.binit     0    00000000    00000000     

.vtable    0    20000000    000000e8     UNINITIALIZED
                  20000000    000000e8     msp432p4xx_driverlib.lib : interrupt.o (.vtable)

.sysmem    0    200000e8    00000400     UNINITIALIZED
                  200000e8    00000010     rtsv7M4_T_le_v4SPD16_eabi.lib : memory.c.obj (.sysmem)
                  200000f8    000003f0     --HOLE--

.data      0    200004e8    00000205     UNINITIALIZED
                  200004e8    000000f0     rtsv7M4_T_le_v4SPD16_eabi.lib : defs.c.obj (.data:_ftable)
                  200005d8    00000078                                   : host_device.c.obj (.data:_device)
                  20000650    00000050                                   : host_device.c.obj (.data:_stream)
                  200006a0    00000010                                   : defs.c.obj (.data)
                  200006b0    0000000c                                   : exit.c.obj (.data:$O1$$)
                  200006bc    00000008                                   : _lock.c.obj (.data:$O1$$)
                  200006c4    00000008                                   : memory.c.obj (.data:$O1$$)
                  200006cc    00000006     main.obj (.data:BMP_PINS)
                  200006d2    00000004     main.obj (.data)
                  200006d6    00000002     main.obj (.data:BILED_PINS)
                  200006d8    00000004     rtsv7M4_T_le_v4SPD16_eabi.lib : add_device.c.obj (.data)
                  200006dc    00000004                                   : errno.c.obj (.data)
                  200006e0    00000004                                   : open.c.obj (.data)
                  200006e4    00000004                                   : rand.c.obj (.data)
                  200006e8    00000003     main.obj (.data:RGB_LED_PINS)
                  200006eb    00000002     main.obj (.data:PB_PORT_PIN)

.bss       0    200006f0    000001ee     UNINITIALIZED
                  200006f0    00000120     rtsv7M4_T_le_v4SPD16_eabi.lib : trgmsg.c.obj (.bss:_CIOBUF_)
                  20000810    000000a0     (.common:__TI_tmpnams)
                  200008b0    00000018     (.common:timerConfig50ms)
                  200008c8    00000008     (.common:color_pattern)
                  200008d0    00000008     (.common:parmbuf)
                  200008d8    00000001     (.common:bmp_pressed)
                  200008d9    00000001     (.common:count_50ms)
                  200008da    00000001     (.common:pb_pressed)
                  200008db    00000001     (.common:reminders_left)
                  200008dc    00000001     (.common:removed_patterns)
                  200008dd    00000001     (.common:state)

.stack     0    2000fc00    00000400     UNINITIALIZED
                  2000fc00    00000004     rtsv7M4_T_le_v4SPD16_eabi.lib : boot_cortex_m.c.obj (.stack)
                  2000fc04    000003fc     --HOLE--

__llvm_prf_cnts 
*          0    20000000    00000000     UNINITIALIZED

MODULE SUMMARY

       Module                        code    ro data   rw data
       ------                        ----    -------   -------
    .\
       main.obj                      2620    24        110    
    +--+-----------------------------+-------+---------+---------+
       Total:                        2620    24        110    
                                                              
    .\src\
       engr2350_msp432.obj           524     45        0      
       startup_msp432p401r_ccs.obj   14      228       0      
       system_msp432p401r.obj        152     0         0      
    +--+-----------------------------+-------+---------+---------+
       Total:                        690     273       0      
                                                              
    C:/ti/simplelink_msp432p4_sdk_3_40_01_02/source/ti/devices/msp432p4xx/driverlib/ccs/msp432p4xx_driverlib.lib
       gpio.o                        700     76        0      
       timer_a.o                     726     0         0      
       interrupt.o                   220     8         464    
       uart.o                        284     0         0      
    +--+-----------------------------+-------+---------+---------+
       Total:                        1930    84        464    
                                                              
    C:\ti\ccs1210\ccs\tools\compiler\ti-cgt-arm_20.2.7.LTS\lib\rtsv7M4_T_le_v4SPD16_eabi.lib
       _printfi.c.obj                4851    0         0      
       defs.c.obj                    0       0         832    
       memory.c.obj                  672     0         16     
       trgmsg.c.obj                  108     0         576    
       fd_add_t2.asm.obj             438     0         0      
       host_device.c.obj             0       0         400    
       fopen.c.obj                   376     0         0      
       fd_div_t2.asm.obj             310     0         0      
       fputs.c.obj                   276     0         0      
       s_scalbn.c.obj                272     0         0      
       fd_cmp_t2.asm.obj             268     0         0      
       ctype.c.obj                   0       257       0      
       fd_mul_t2.asm.obj             252     0         0      
       setvbuf.c.obj                 220     0         0      
       open.c.obj                    188     0         8      
       add_device.c.obj              184     0         8      
       memcpy_t2.asm.obj             156     0         0      
       ull_div_t2.asm.obj            150     0         0      
       fputc.c.obj                   140     0         0      
       memset_t2.asm.obj             122     0         0      
       fclose.c.obj                  116     0         0      
       getdevice.c.obj               116     0         0      
       hostopen.c.obj                96      0         16     
       printf.c.obj                  112     0         0      
       hostrename.c.obj              108     0         0      
       copy_decompress_lzss.c.obj    104     0         0      
       hostlseek.c.obj               104     0         0      
       exit.c.obj                    76      0         24     
       fseek.c.obj                   100     0         0      
       s_frexp.c.obj                 100     0         0      
       _io_perm.c.obj                98      0         0      
       rand.c.obj                    88      0         8      
       close.c.obj                   92      0         0      
       hostread.c.obj                88      0         0      
       hostwrite.c.obj               88      0         0      
       _ltoa.c.obj                   84      0         0      
       atoi.c.obj                    76      0         0      
       fflush.c.obj                  76      0         0      
       fd_toi_t2.asm.obj             72      0         0      
       autoinit.c.obj                68      0         0      
       hostclose.c.obj               68      0         0      
       hostunlink.c.obj              68      0         0      
       strncpy.c.obj                 54      0         0      
       boot_cortex_m.c.obj           52      0         0      
       i_tofd_t2.asm.obj             46      0         0      
       unlink.c.obj                  44      0         0      
       lseek.c.obj                   40      0         0      
       write.c.obj                   40      0         0      
       memchr.c.obj                  32      0         0      
       copy_zero_init.c.obj          28      0         0      
       memccpy.c.obj                 28      0         0      
       s_copysign.c.obj              26      0         0      
       strcmp.c.obj                  24      0         0      
       strchr.c.obj                  22      0         0      
       strcpy.c.obj                  20      0         0      
       strlen.c.obj                  20      0         0      
       _lock.c.obj                   2       0         16     
       wcslen.c.obj                  18      0         0      
       errno.c.obj                   8       0         8      
       copy_decompress_none.c.obj    14      0         0      
       pre_init.c.obj                4       0         0      
       div0.asm.obj                  2       0         0      
    +--+-----------------------------+-------+---------+---------+
       Total:                        11505   257       1912   
                                                              
       Heap:                         0       0         2048   
       Stack:                        0       0         2048   
       Linker Generated:             0       181       0      
    +--+-----------------------------+-------+---------+---------+
       Grand Total:                  16745   819       6582   


LINKER GENERATED COPY TABLES

__TI_cinit_table @ 000044a8 records: 3, size/record: 8, table size: 24
	.data: load addr=00004408, load size=00000081 bytes, run addr=200004e8, run size=00000205 bytes, compression=lzss
	.bss: load addr=00004498, load size=00000008 bytes, run addr=200006f0, run size=000001ee bytes, compression=zero_init
	.vtable: load addr=000044a0, load size=00000008 bytes, run addr=20000000, run size=000000e8 bytes, compression=zero_init


LINKER GENERATED HANDLER TABLE

__TI_handler_table @ 0000448c records: 3, size/record: 4, table size: 12
	index: 0, handler: __TI_zero_init
	index: 1, handler: __TI_decompress_lzss
	index: 2, handler: __TI_decompress_none


GLOBAL SYMBOLS: SORTED ALPHABETICALLY BY Name 

address   name                                
-------   ----                                
00000b33  ADC14_IRQHandler                    
00000b33  AES256_IRQHandler                   
200006d6  BILED_PINS                          
200006d4  BILED_PORT                          
200006cc  BMP_PINS                            
200006d5  BMP_PORT                            
00000b33  BusFault_Handler                    
00004265  C$$EXIT                             
00003ce7  C$$IO$$                             
00000b33  COMP_E0_IRQHandler                  
00000b33  COMP_E1_IRQHandler                  
00000b33  CS_IRQHandler                       
00000b33  DMA_ERR_IRQHandler                  
00000b33  DMA_INT0_IRQHandler                 
00000b33  DMA_INT1_IRQHandler                 
00000b33  DMA_INT2_IRQHandler                 
00000b33  DMA_INT3_IRQHandler                 
00000b33  DebugMon_Handler                    
00000b33  Default_Handler                     
00000b33  EUSCIA0_IRQHandler                  
00000b33  EUSCIA1_IRQHandler                  
00000b33  EUSCIA2_IRQHandler                  
00000b33  EUSCIA3_IRQHandler                  
00000b33  EUSCIB0_IRQHandler                  
00000b33  EUSCIB1_IRQHandler                  
00000b33  EUSCIB2_IRQHandler                  
00000b33  EUSCIB3_IRQHandler                  
00000b33  FLCTL_IRQHandler                    
00000b33  FPU_IRQHandler                      
000012dd  GPIO_Init                           
00003ee9  GPIO_clearInterruptFlag             
00003f11  GPIO_enableInterrupt                
00002cc5  GPIO_getEnabledInterruptStatus      
00003e2d  GPIO_getInputPinValue               
00004001  GPIO_getInterruptStatus             
00003c7d  GPIO_interruptEdgeSelect            
00004025  GPIO_registerInterrupt              
00003861  GPIO_setAsInputPin                  
00003559  GPIO_setAsInputPinWithPullUpResistor
00003bfd  GPIO_setAsOutputPin                 
00003f39  GPIO_setOutputHighOnPin             
00003f61  GPIO_setOutputLowOnPin              
00003a65  HOSTclose                           
00003175  HOSTlseek                           
00003441  HOSTopen                            
000035b1  HOSTread                            
00003109  HOSTrename                          
00003aa9  HOSTunlink                          
00003609  HOSTwrite                           
00000b33  HardFault_Handler                   
00002d49  Interrupt_enableInterrupt           
000034a1  Interrupt_registerInterrupt         
00000b33  MemManage_Handler                   
00000b33  NMI_Handler                         
200006eb  PB_PORT_PIN                         
00000b33  PCM_IRQHandler                      
00000b33  PORT1_IRQHandler                    
00000b33  PORT2_IRQHandler                    
00000b33  PORT3_IRQHandler                    
00000b33  PORT4_IRQHandler                    
00000b33  PORT5_IRQHandler                    
00000b33  PORT6_IRQHandler                    
00000b33  PSS_IRQHandler                      
00003945  Pattern_Init                        
00000b33  PendSV_Handler                      
200006e8  RGB_LED_PINS                        
200006d3  RGB_LED_PORT                        
00000b33  RTC_C_IRQHandler                    
00004233  Reset_Handler                       
00000b33  SVC_Handler                         
0000423f  SysInit                             
00000b33  SysTick_Handler                     
00002971  SystemInit                          
00000b33  T32_INT1_IRQHandler                 
00000b33  T32_INT2_IRQHandler                 
00000b33  T32_INTC_IRQHandler                 
00000b33  TA0_0_IRQHandler                    
00000b33  TA0_N_IRQHandler                    
00000b33  TA1_0_IRQHandler                    
00000b33  TA1_N_IRQHandler                    
00000b33  TA2_0_IRQHandler                    
00000b33  TA2_N_IRQHandler                    
00000b33  TA3_0_IRQHandler                    
00000b33  TA3_N_IRQHandler                    
00004165  Timer_A_clearInterruptFlag          
00004135  Timer_A_clearTimer                  
000031dd  Timer_A_configureUpMode             
00002265  Timer_A_registerInterrupt           
0000417b  Timer_A_startCounter                
000041a7  Timer_A_stopTimer                   
00003711  Timers_Init                         
00001a59  UART_initModule                     
00000b33  UsageFault_Handler                  
4000480c  WDTCTL_SYM                          
00000b33  WDT_A_IRQHandler                    
200006f0  __CIOBUF_                           
20010000  __STACK_END                         
00000400  __STACK_SIZE                        
00000400  __SYSMEM_SIZE                       
000044a8  __TI_CINIT_Base                     
000044c0  __TI_CINIT_Limit                    
0000448c  __TI_Handler_Table_Base             
00004498  __TI_Handler_Table_Limit            
00003aed  __TI_auto_init_nobinit_nopinit      
00003d29  __TI_cleanup                        
200006b0  __TI_cleanup_ptr                    
00002fb5  __TI_closefile                      
00003245  __TI_decompress_lzss                
00004217  __TI_decompress_none                
000038ad  __TI_doflush                        
200006b4  __TI_dtors_ptr                      
200006b8  __TI_enable_exit_profile_output     
200006a0  __TI_ft_end                         
00003765  __TI_ltoa                           
ffffffff  __TI_pprof_out_hndl                 
000000e5  __TI_printfi                        
ffffffff  __TI_prof_data_size                 
ffffffff  __TI_prof_data_start                
00003d5d  __TI_readmsg                        
00000000  __TI_static_base__                  
20000810  __TI_tmpnams                        
00003cb9  __TI_writemsg                       
000033dd  __TI_wrt_ok                         
000040a9  __TI_zero_init_nomemset             
00002bb9  __aeabi_cdcmpeq                     
00002bb9  __aeabi_cdcmple                     
00002c3f  __aeabi_cdrcmple                    
00003a1d  __aeabi_d2iz                        
00000f7f  __aeabi_dadd                        
000017fd  __aeabi_ddiv                        
00001fa9  __aeabi_dmul                        
00000f75  __aeabi_dsub                        
00004249  __aeabi_errno_addr                  
00003e8d  __aeabi_i2d                         
00001933  __aeabi_idiv0                       
00001933  __aeabi_ldiv0                       
00002e49  __aeabi_memclr                      
00002e49  __aeabi_memclr4                     
00002e49  __aeabi_memclr8                     
00002839  __aeabi_memcpy                      
00002839  __aeabi_memcpy4                     
00002839  __aeabi_memcpy8                     
00002e4b  __aeabi_memset                      
00002e4b  __aeabi_memset4                     
00002e4b  __aeabi_memset8                     
200006ac  __aeabi_stderr                      
200006a4  __aeabi_stdin                       
200006a8  __aeabi_stdout                      
00002a09  __aeabi_uldivmod                    
ffffffff  __binit__                           
ffffffff  __c_args__                          
UNDEFED   __mpu_init                          
2000fc00  __stack                             
20000000  __start___llvm_prf_cnts             
20000000  __stop___llvm_prf_cnts              
00003d91  _c_int00_noargs                     
00004268  _ctypes_                            
200005d8  _device                             
200004e8  _ftable                             
200006bc  _lock                               
0000112b  _nop                                
20000650  _stream                             
200000e8  _sys_memory                         
UNDEFED   _system_post_cinit                  
00004261  _system_pre_init                    
200006c0  _unlock                             
00004265  abort                               
00002585  add_device                          
00001ea9  aligned_alloc                       
000038f9  atoi                                
ffffffff  binit                               
00002aa1  bmp_interrupt                       
200008d8  bmp_pressed                         
000034fd  close                               
200008c8  color_pattern                       
00004119  copysign                            
00004119  copysignl                           
200008d9  count_50ms                          
0000408d  dclose                              
000041e3  dlseek                              
00002dc9  dopen                               
000037b9  dread                               
00004207  drename                             
00004225  dunlink                             
0000398d  dwrite                              
200006dc  errno                               
000039d5  exit                                
00003e5d  finddevice                          
00002b2d  fputc                               
00001b75  fputs                               
000020a5  free                                
00003dc5  freopen                             
00003315  frexp                               
00003315  frexpl                              
00003379  fseek                               
20000000  g_pfnRAMVectors                     
00002ec5  game_done_state                     
00003b31  getdevice                           
0000279d  init_std_uart                       
0000112d  input_colors_state                  
00000000  interruptVectors                    
00001d99  ldexp                               
00001d99  ldexpl                              
00003fb1  lseek                               
00002339  main                                
00004251  malloc                              
00001ea9  memalign                            
000040e1  memccpy                             
0000406d  memchr                              
00002839  memcpy                              
00002e51  memset                              
000024c9  open                                
200008d0  parmbuf                             
00003661  pb_interrupt                        
200008da  pb_pressed                          
000032ad  printf                              
00002b2d  putc                                
00003df9  rand                                
200008db  reminders_left                      
00003ebd  remove                              
200008dc  removed_patterns                    
00002401  same_port_interrupt                 
00001d99  scalbn                              
00001d99  scalbnl                             
200006d2  seed                                
00002f3d  set_BILED                           
0000157d  set_RGB_LED                         
000026f1  set_RGB_LED_by_BMP                  
00002189  setvbuf                             
000028d5  show_colors_state                   
00004049  srand                               
200008dd  state                               
00004191  strchr                              
0000414d  strcmp                              
000041bb  strcpy                              
000041cf  strlen                              
00003cf1  strncpy                             
00003b75  test_buttons_state                  
000040fd  timer50ms_interrupt                 
200008b0  timerConfig50ms                     
00003ebd  unlink                              
00003bb9  wait_seconds                        
000041f5  wcslen                              
00003fd9  write                               


GLOBAL SYMBOLS: SORTED BY Symbol Address 

address   name                                
-------   ----                                
00000000  __TI_static_base__                  
00000000  interruptVectors                    
000000e5  __TI_printfi                        
00000400  __STACK_SIZE                        
00000400  __SYSMEM_SIZE                       
00000b33  ADC14_IRQHandler                    
00000b33  AES256_IRQHandler                   
00000b33  BusFault_Handler                    
00000b33  COMP_E0_IRQHandler                  
00000b33  COMP_E1_IRQHandler                  
00000b33  CS_IRQHandler                       
00000b33  DMA_ERR_IRQHandler                  
00000b33  DMA_INT0_IRQHandler                 
00000b33  DMA_INT1_IRQHandler                 
00000b33  DMA_INT2_IRQHandler                 
00000b33  DMA_INT3_IRQHandler                 
00000b33  DebugMon_Handler                    
00000b33  Default_Handler                     
00000b33  EUSCIA0_IRQHandler                  
00000b33  EUSCIA1_IRQHandler                  
00000b33  EUSCIA2_IRQHandler                  
00000b33  EUSCIA3_IRQHandler                  
00000b33  EUSCIB0_IRQHandler                  
00000b33  EUSCIB1_IRQHandler                  
00000b33  EUSCIB2_IRQHandler                  
00000b33  EUSCIB3_IRQHandler                  
00000b33  FLCTL_IRQHandler                    
00000b33  FPU_IRQHandler                      
00000b33  HardFault_Handler                   
00000b33  MemManage_Handler                   
00000b33  NMI_Handler                         
00000b33  PCM_IRQHandler                      
00000b33  PORT1_IRQHandler                    
00000b33  PORT2_IRQHandler                    
00000b33  PORT3_IRQHandler                    
00000b33  PORT4_IRQHandler                    
00000b33  PORT5_IRQHandler                    
00000b33  PORT6_IRQHandler                    
00000b33  PSS_IRQHandler                      
00000b33  PendSV_Handler                      
00000b33  RTC_C_IRQHandler                    
00000b33  SVC_Handler                         
00000b33  SysTick_Handler                     
00000b33  T32_INT1_IRQHandler                 
00000b33  T32_INT2_IRQHandler                 
00000b33  T32_INTC_IRQHandler                 
00000b33  TA0_0_IRQHandler                    
00000b33  TA0_N_IRQHandler                    
00000b33  TA1_0_IRQHandler                    
00000b33  TA1_N_IRQHandler                    
00000b33  TA2_0_IRQHandler                    
00000b33  TA2_N_IRQHandler                    
00000b33  TA3_0_IRQHandler                    
00000b33  TA3_N_IRQHandler                    
00000b33  UsageFault_Handler                  
00000b33  WDT_A_IRQHandler                    
00000f75  __aeabi_dsub                        
00000f7f  __aeabi_dadd                        
0000112b  _nop                                
0000112d  input_colors_state                  
000012dd  GPIO_Init                           
0000157d  set_RGB_LED                         
000017fd  __aeabi_ddiv                        
00001933  __aeabi_idiv0                       
00001933  __aeabi_ldiv0                       
00001a59  UART_initModule                     
00001b75  fputs                               
00001d99  ldexp                               
00001d99  ldexpl                              
00001d99  scalbn                              
00001d99  scalbnl                             
00001ea9  aligned_alloc                       
00001ea9  memalign                            
00001fa9  __aeabi_dmul                        
000020a5  free                                
00002189  setvbuf                             
00002265  Timer_A_registerInterrupt           
00002339  main                                
00002401  same_port_interrupt                 
000024c9  open                                
00002585  add_device                          
000026f1  set_RGB_LED_by_BMP                  
0000279d  init_std_uart                       
00002839  __aeabi_memcpy                      
00002839  __aeabi_memcpy4                     
00002839  __aeabi_memcpy8                     
00002839  memcpy                              
000028d5  show_colors_state                   
00002971  SystemInit                          
00002a09  __aeabi_uldivmod                    
00002aa1  bmp_interrupt                       
00002b2d  fputc                               
00002b2d  putc                                
00002bb9  __aeabi_cdcmpeq                     
00002bb9  __aeabi_cdcmple                     
00002c3f  __aeabi_cdrcmple                    
00002cc5  GPIO_getEnabledInterruptStatus      
00002d49  Interrupt_enableInterrupt           
00002dc9  dopen                               
00002e49  __aeabi_memclr                      
00002e49  __aeabi_memclr4                     
00002e49  __aeabi_memclr8                     
00002e4b  __aeabi_memset                      
00002e4b  __aeabi_memset4                     
00002e4b  __aeabi_memset8                     
00002e51  memset                              
00002ec5  game_done_state                     
00002f3d  set_BILED                           
00002fb5  __TI_closefile                      
00003109  HOSTrename                          
00003175  HOSTlseek                           
000031dd  Timer_A_configureUpMode             
00003245  __TI_decompress_lzss                
000032ad  printf                              
00003315  frexp                               
00003315  frexpl                              
00003379  fseek                               
000033dd  __TI_wrt_ok                         
00003441  HOSTopen                            
000034a1  Interrupt_registerInterrupt         
000034fd  close                               
00003559  GPIO_setAsInputPinWithPullUpResistor
000035b1  HOSTread                            
00003609  HOSTwrite                           
00003661  pb_interrupt                        
00003711  Timers_Init                         
00003765  __TI_ltoa                           
000037b9  dread                               
00003861  GPIO_setAsInputPin                  
000038ad  __TI_doflush                        
000038f9  atoi                                
00003945  Pattern_Init                        
0000398d  dwrite                              
000039d5  exit                                
00003a1d  __aeabi_d2iz                        
00003a65  HOSTclose                           
00003aa9  HOSTunlink                          
00003aed  __TI_auto_init_nobinit_nopinit      
00003b31  getdevice                           
00003b75  test_buttons_state                  
00003bb9  wait_seconds                        
00003bfd  GPIO_setAsOutputPin                 
00003c7d  GPIO_interruptEdgeSelect            
00003cb9  __TI_writemsg                       
00003ce7  C$$IO$$                             
00003cf1  strncpy                             
00003d29  __TI_cleanup                        
00003d5d  __TI_readmsg                        
00003d91  _c_int00_noargs                     
00003dc5  freopen                             
00003df9  rand                                
00003e2d  GPIO_getInputPinValue               
00003e5d  finddevice                          
00003e8d  __aeabi_i2d                         
00003ebd  remove                              
00003ebd  unlink                              
00003ee9  GPIO_clearInterruptFlag             
00003f11  GPIO_enableInterrupt                
00003f39  GPIO_setOutputHighOnPin             
00003f61  GPIO_setOutputLowOnPin              
00003fb1  lseek                               
00003fd9  write                               
00004001  GPIO_getInterruptStatus             
00004025  GPIO_registerInterrupt              
00004049  srand                               
0000406d  memchr                              
0000408d  dclose                              
000040a9  __TI_zero_init_nomemset             
000040e1  memccpy                             
000040fd  timer50ms_interrupt                 
00004119  copysign                            
00004119  copysignl                           
00004135  Timer_A_clearTimer                  
0000414d  strcmp                              
00004165  Timer_A_clearInterruptFlag          
0000417b  Timer_A_startCounter                
00004191  strchr                              
000041a7  Timer_A_stopTimer                   
000041bb  strcpy                              
000041cf  strlen                              
000041e3  dlseek                              
000041f5  wcslen                              
00004207  drename                             
00004217  __TI_decompress_none                
00004225  dunlink                             
00004233  Reset_Handler                       
0000423f  SysInit                             
00004249  __aeabi_errno_addr                  
00004251  malloc                              
00004261  _system_pre_init                    
00004265  C$$EXIT                             
00004265  abort                               
00004268  _ctypes_                            
0000448c  __TI_Handler_Table_Base             
00004498  __TI_Handler_Table_Limit            
000044a8  __TI_CINIT_Base                     
000044c0  __TI_CINIT_Limit                    
20000000  __start___llvm_prf_cnts             
20000000  __stop___llvm_prf_cnts              
20000000  g_pfnRAMVectors                     
200000e8  _sys_memory                         
200004e8  _ftable                             
200005d8  _device                             
20000650  _stream                             
200006a0  __TI_ft_end                         
200006a4  __aeabi_stdin                       
200006a8  __aeabi_stdout                      
200006ac  __aeabi_stderr                      
200006b0  __TI_cleanup_ptr                    
200006b4  __TI_dtors_ptr                      
200006b8  __TI_enable_exit_profile_output     
200006bc  _lock                               
200006c0  _unlock                             
200006cc  BMP_PINS                            
200006d2  seed                                
200006d3  RGB_LED_PORT                        
200006d4  BILED_PORT                          
200006d5  BMP_PORT                            
200006d6  BILED_PINS                          
200006dc  errno                               
200006e8  RGB_LED_PINS                        
200006eb  PB_PORT_PIN                         
200006f0  __CIOBUF_                           
20000810  __TI_tmpnams                        
200008b0  timerConfig50ms                     
200008c8  color_pattern                       
200008d0  parmbuf                             
200008d8  bmp_pressed                         
200008d9  count_50ms                          
200008da  pb_pressed                          
200008db  reminders_left                      
200008dc  removed_patterns                    
200008dd  state                               
2000fc00  __stack                             
20010000  __STACK_END                         
4000480c  WDTCTL_SYM                          
ffffffff  __TI_pprof_out_hndl                 
ffffffff  __TI_prof_data_size                 
ffffffff  __TI_prof_data_start                
ffffffff  __binit__                           
ffffffff  __c_args__                          
ffffffff  binit                               
UNDEFED   __mpu_init                          
UNDEFED   _system_post_cinit                  

[244 symbols]
