******************************************************************************
                  TI ARM Linker PC v20.2.7                     
******************************************************************************
>> Linked Tue Feb 28 11:08:21 2023

OUTPUT FILE NAME:   <Lab 02.out>
ENTRY POINT SYMBOL: "_c_int00_noargs"  address: 00003dd9


MEMORY CONFIGURATION

         name            origin    length      used     unused   attr    fill
----------------------  --------  ---------  --------  --------  ----  --------
  MAIN                  00000000   00040000  00004505  0003bafb  R  X
  INFO                  00200000   00004000  00000000  00004000  R  X
  SRAM_CODE             01000000   00010000  00000cdb  0000f325  RW X
  SRAM_DATA             20000000   00010000  00000cdb  0000f325  RW  


SEGMENT ALLOCATION MAP

run origin  load origin   length   init length attrs members
----------  ----------- ---------- ----------- ----- -------
00000000    00000000    00004508   00004508    r-x
  00000000    00000000    000000e4   000000e4    r-- .intvecs
  000000e4    000000e4    000041cc   000041cc    r-x .text
  000042b0    000042b0    0000019d   0000019d    r-- .const
  00004450    00004450    000000b8   000000b8    r-- .cinit
20000000    20000000    000008de   00000000    rw-
  20000000    20000000    000000e8   00000000    rw- .vtable
  200000e8    200000e8    00000400   00000000    rw- .sysmem
  200004e8    200004e8    00000205   00000000    rw- .data
  200006f0    200006f0    000001ee   00000000    rw- .bss
2000fc00    2000fc00    00000400   00000000    rw-
  2000fc00    2000fc00    00000400   00000000    rw- .stack


SECTION ALLOCATION MAP

 output                                  attributes/
section   page    origin      length       input sections
--------  ----  ----------  ----------   ----------------
.intvecs   0    00000000    000000e4     
                  00000000    000000e4     startup_msp432p401r_ccs.obj (.intvecs:retain)

.text      0    000000e4    000041cc     
                  000000e4    00000a4e     rtsv7M4_T_le_v4SPD16_eabi.lib : _printfi.c.obj (.text:__TI_printfi)
                  00000b32    00000002     startup_msp432p401r_ccs.obj (.text:Default_Handler)
                  00000b34    00000270     rtsv7M4_T_le_v4SPD16_eabi.lib : _printfi.c.obj (.text:_pconv_a)
                  00000da4    000001d4     main.obj (.text:input_colors_state)
                  00000f78    000001d0     rtsv7M4_T_le_v4SPD16_eabi.lib : _printfi.c.obj (.text:_pconv_g)
                  00001148    000001b6                                   : fd_add_t2.asm.obj (.text)
                  000012fe    00000002                                   : _lock.c.obj (.text:_nop)
                  00001300    0000015c     main.obj (.text:GPIO_Init)
                  0000145c    00000144     msp432p4xx_driverlib.lib : timer_a.o (.text:privateTimer_AProcessClockSourceDivider)
                  000015a0    00000144     main.obj (.text:set_RGB_LED)
                  000016e4    0000013c     rtsv7M4_T_le_v4SPD16_eabi.lib : _printfi.c.obj (.text:_pconv_e)
                  00001820    00000136                                   : fd_div_t2.asm.obj (.text)
                  00001956    00000002                                   : div0.asm.obj (.text)
                  00001958    00000124                                   : _printfi.c.obj (.text:fcvt)
                  00001a7c    0000011c     msp432p4xx_driverlib.lib : uart.o (.text:UART_initModule)
                  00001b98    00000114     rtsv7M4_T_le_v4SPD16_eabi.lib : fputs.c.obj (.text:fputs)
                  00001cac    00000110                                   : fopen.c.obj (.text:_openfile)
                  00001dbc    00000110                                   : s_scalbn.c.obj (.text:scalbn)
                  00001ecc    00000100                                   : memory.c.obj (.text:aligned_alloc)
                  00001fcc    000000fc                                   : fd_mul_t2.asm.obj (.text)
                  000020c8    000000e4                                   : memory.c.obj (.text:free)
                  000021ac    000000dc                                   : setvbuf.c.obj (.text:setvbuf)
                  00002288    000000d2     msp432p4xx_driverlib.lib : timer_a.o (.text:Timer_A_registerInterrupt)
                  0000235a    00000002     --HOLE-- [fill = 0]
                  0000235c    000000d0     main.obj (.text:main)
                  0000242c    000000c8     main.obj (.text:same_port_interrupt)
                  000024f4    000000bc     rtsv7M4_T_le_v4SPD16_eabi.lib : open.c.obj (.text:open)
                  000025b0    000000b8                                   : add_device.c.obj (.text:add_device)
                  00002668    000000b1                                   : _printfi.c.obj (.text:_ltostr)
                  00002719    00000003     --HOLE-- [fill = 0]
                  0000271c    000000ac     main.obj (.text:set_RGB_LED_by_BMP)
                  000027c8    0000009c     engr2350_msp432.obj (.text:init_std_uart)
                  00002864    0000009c     rtsv7M4_T_le_v4SPD16_eabi.lib : memcpy_t2.asm.obj (.text)
                  00002900    00000098     system_msp432p401r.obj (.text:SystemInit)
                  00002998    00000096     rtsv7M4_T_le_v4SPD16_eabi.lib : ull_div_t2.asm.obj (.text)
                  00002a2e    00000002     --HOLE-- [fill = 0]
                  00002a30    0000008c     main.obj (.text:bmp_interrupt)
                  00002abc    0000008c     rtsv7M4_T_le_v4SPD16_eabi.lib : fputc.c.obj (.text:fputc)
                  00002b48    00000086                                   : fd_cmp_t2.asm.obj (.text:__aeabi_cdcmple)
                  00002bce    00000086                                   : fd_cmp_t2.asm.obj (.text:__aeabi_cdrcmple)
                  00002c54    00000084     msp432p4xx_driverlib.lib : gpio.o (.text:GPIO_getEnabledInterruptStatus)
                  00002cd8    00000080                              : interrupt.o (.text:Interrupt_enableInterrupt)
                  00002d58    00000080     engr2350_msp432.obj (.text:dopen)
                  00002dd8    0000007a     rtsv7M4_T_le_v4SPD16_eabi.lib : memset_t2.asm.obj (.text)
                  00002e52    00000002     --HOLE-- [fill = 0]
                  00002e54    00000078     main.obj (.text:game_done_state)
                  00002ecc    00000078     main.obj (.text:set_BILED)
                  00002f44    00000078     main.obj (.text:show_pattern)
                  00002fbc    00000074     rtsv7M4_T_le_v4SPD16_eabi.lib : fclose.c.obj (.text:__TI_closefile)
                  00003030    00000070                                   : memory.c.obj (.text:split)
                  000030a0    0000006e                                   : _printfi.c.obj (.text:_mcpy)
                  0000310e    00000002     --HOLE-- [fill = 0]
                  00003110    0000006c                                   : hostrename.c.obj (.text:HOSTrename)
                  0000317c    00000068                                   : hostlseek.c.obj (.text:HOSTlseek)
                  000031e4    00000068     msp432p4xx_driverlib.lib : timer_a.o (.text:Timer_A_configureUpMode)
                  0000324c    00000068     rtsv7M4_T_le_v4SPD16_eabi.lib : copy_decompress_lzss.c.obj (.text:decompress:lzss:__TI_decompress_lzss)
                  000032b4    00000068                                   : printf.c.obj (.text:printf)
                  0000331c    00000064                                   : s_frexp.c.obj (.text:frexp)
                  00003380    00000064                                   : fseek.c.obj (.text:fseek)
                  000033e4    00000062                                   : _io_perm.c.obj (.text:__TI_wrt_ok)
                  00003446    00000002     --HOLE-- [fill = 0]
                  00003448    00000060                                   : hostopen.c.obj (.text:HOSTopen)
                  000034a8    0000005c     msp432p4xx_driverlib.lib : interrupt.o (.text:Interrupt_registerInterrupt)
                  00003504    0000005c     rtsv7M4_T_le_v4SPD16_eabi.lib : close.c.obj (.text:close)
                  00003560    00000058     msp432p4xx_driverlib.lib : gpio.o (.text:GPIO_setAsInputPinWithPullUpResistor)
                  000035b8    00000058     rtsv7M4_T_le_v4SPD16_eabi.lib : hostread.c.obj (.text:HOSTread)
                  00003610    00000058                                   : hostwrite.c.obj (.text:HOSTwrite)
                  00003668    00000058     main.obj (.text:pb_interrupt)
                  000036c0    00000056     rtsv7M4_T_le_v4SPD16_eabi.lib : _printfi.c.obj (.text:_pconv_f)
                  00003716    00000002     --HOLE-- [fill = 0]
                  00003718    00000054     main.obj (.text:Timers_Init)
                  0000376c    00000054     rtsv7M4_T_le_v4SPD16_eabi.lib : _ltoa.c.obj (.text:__TI_ltoa)
                  000037c0    00000054     engr2350_msp432.obj (.text:dread)
                  00003814    00000052     rtsv7M4_T_le_v4SPD16_eabi.lib : _printfi.c.obj (.text:_ecpy)
                  00003866    00000002     --HOLE-- [fill = 0]
                  00003868    0000004c     msp432p4xx_driverlib.lib : gpio.o (.text:GPIO_setAsInputPin)
                  000038b4    0000004c     rtsv7M4_T_le_v4SPD16_eabi.lib : fflush.c.obj (.text:__TI_doflush)
                  00003900    0000004c                                   : atoi.c.obj (.text:atoi)
                  0000394c    00000048     main.obj (.text:Pattern_Init)
                  00003994    00000048     engr2350_msp432.obj (.text:dwrite)
                  000039dc    00000048     rtsv7M4_T_le_v4SPD16_eabi.lib : exit.c.obj (.text:exit)
                  00003a24    00000048                                   : fd_toi_t2.asm.obj (.text)
                  00003a6c    00000044                                   : hostclose.c.obj (.text:HOSTclose)
                  00003ab0    00000044                                   : hostunlink.c.obj (.text:HOSTunlink)
                  00003af4    00000044                                   : autoinit.c.obj (.text:__TI_auto_init_nobinit_nopinit:__TI_auto_init_nobinit_nopinit)
                  00003b38    00000044                                   : getdevice.c.obj (.text:getdevice)
                  00003b7c    00000044     main.obj (.text:test_buttons_state)
                  00003bc0    00000044     main.obj (.text:wait_seconds)
                  00003c04    00000040     msp432p4xx_driverlib.lib : gpio.o (.text:GPIO_setAsOutputPin)
                  00003c44    00000040     main.obj (.text:show_colors_state)
                  00003c84    0000003e     rtsv7M4_T_le_v4SPD16_eabi.lib : _printfi.c.obj (.text:_fcpy)
                  00003cc2    00000002     --HOLE-- [fill = 0]
                  00003cc4    0000003c     msp432p4xx_driverlib.lib : gpio.o (.text:GPIO_interruptEdgeSelect)
                  00003d00    00000038     rtsv7M4_T_le_v4SPD16_eabi.lib : trgmsg.c.obj (.text:__TI_writemsg)
                  00003d38    00000036                                   : strncpy.c.obj (.text:strncpy)
                  00003d6e    00000002     --HOLE-- [fill = 0]
                  00003d70    00000034                                   : fopen.c.obj (.text:__TI_cleanup)
                  00003da4    00000034                                   : trgmsg.c.obj (.text:__TI_readmsg)
                  00003dd8    00000034                                   : boot_cortex_m.c.obj (.text:_c_int00_noargs:_c_int00_noargs)
                  00003e0c    00000034                                   : fopen.c.obj (.text:freopen)
                  00003e40    00000034                                   : rand.c.obj (.text:rand)
                  00003e74    00000030     msp432p4xx_driverlib.lib : gpio.o (.text:GPIO_getInputPinValue)
                  00003ea4    00000030     rtsv7M4_T_le_v4SPD16_eabi.lib : getdevice.c.obj (.text:finddevice)
                  00003ed4    0000002e                                   : i_tofd_t2.asm.obj (.text)
                  00003f02    00000002     --HOLE-- [fill = 0]
                  00003f04    0000002c                                   : unlink.c.obj (.text:unlink)
                  00003f30    00000028     msp432p4xx_driverlib.lib : gpio.o (.text:GPIO_clearInterruptFlag)
                  00003f58    00000028                              : gpio.o (.text:GPIO_enableInterrupt)
                  00003f80    00000028                              : gpio.o (.text:GPIO_setOutputHighOnPin)
                  00003fa8    00000028                              : gpio.o (.text:GPIO_setOutputLowOnPin)
                  00003fd0    00000028     rtsv7M4_T_le_v4SPD16_eabi.lib : memory.c.obj (.text:free_list_insert)
                  00003ff8    00000028                                   : lseek.c.obj (.text:lseek)
                  00004020    00000028                                   : write.c.obj (.text:write)
                  00004048    00000024     msp432p4xx_driverlib.lib : gpio.o (.text:GPIO_getInterruptStatus)
                  0000406c    00000024                              : gpio.o (.text:GPIO_registerInterrupt)
                  00004090    00000024     rtsv7M4_T_le_v4SPD16_eabi.lib : rand.c.obj (.text:srand)
                  000040b4    00000020                                   : memchr.c.obj (.text:memchr)
                  000040d4    0000001c     engr2350_msp432.obj (.text:dclose)
                  000040f0    0000001c     rtsv7M4_T_le_v4SPD16_eabi.lib : copy_zero_init.c.obj (.text:decompress:ZI:__TI_zero_init_nomemset:__TI_zero_init_nomemset)
                  0000410c    0000001c                                   : memory.c.obj (.text:free_list_remove)
                  00004128    0000001c                                   : memccpy.c.obj (.text:memccpy)
                  00004144    0000001c     main.obj (.text:timer50ms_interrupt)
                  00004160    0000001a     rtsv7M4_T_le_v4SPD16_eabi.lib : s_copysign.c.obj (.text:copysign)
                  0000417a    00000002     --HOLE-- [fill = 0]
                  0000417c    00000018     msp432p4xx_driverlib.lib : timer_a.o (.text:Timer_A_clearTimer)
                  00004194    00000018     rtsv7M4_T_le_v4SPD16_eabi.lib : strcmp.c.obj (.text:strcmp)
                  000041ac    00000016     msp432p4xx_driverlib.lib : timer_a.o (.text:Timer_A_clearInterruptFlag)
                  000041c2    00000016                              : timer_a.o (.text:Timer_A_startCounter)
                  000041d8    00000016     rtsv7M4_T_le_v4SPD16_eabi.lib : strchr.c.obj (.text:strchr)
                  000041ee    00000014     msp432p4xx_driverlib.lib : timer_a.o (.text:Timer_A_stopTimer)
                  00004202    00000014     rtsv7M4_T_le_v4SPD16_eabi.lib : strcpy.c.obj (.text:strcpy)
                  00004216    00000014                                   : strlen.c.obj (.text:strlen)
                  0000422a    00000012     engr2350_msp432.obj (.text:dlseek)
                  0000423c    00000012     rtsv7M4_T_le_v4SPD16_eabi.lib : wcslen.c.obj (.text:wcslen)
                  0000424e    00000010     engr2350_msp432.obj (.text:drename)
                  0000425e    0000000e     rtsv7M4_T_le_v4SPD16_eabi.lib : copy_decompress_none.c.obj (.text:decompress:none:__TI_decompress_none)
                  0000426c    0000000e     engr2350_msp432.obj (.text:dunlink)
                  0000427a    0000000c     startup_msp432p401r_ccs.obj (.text:Reset_Handler)
                  00004286    00000008     engr2350_msp432.obj (.text:SysInit)
                  0000428e    00000002     --HOLE-- [fill = 0]
                  00004290    00000008     rtsv7M4_T_le_v4SPD16_eabi.lib : errno.c.obj (.text:__aeabi_errno_addr)
                  00004298    00000008                                   : memory.c.obj (.text:malloc)
                  000042a0    00000004                                   : printf.c.obj (.text:_outc)
                  000042a4    00000004                                   : printf.c.obj (.text:_outs)
                  000042a8    00000004                                   : pre_init.c.obj (.text:_system_pre_init)
                  000042ac    00000004                                   : exit.c.obj (.text:abort:abort)

.const     0    000042b0    0000019d     
                  000042b0    00000101     rtsv7M4_T_le_v4SPD16_eabi.lib : ctype.c.obj (.const:.string:_ctypes_)
                  000043b1    00000003     --HOLE-- [fill = 0]
                  000043b4    00000030     msp432p4xx_driverlib.lib : gpio.o (.const:GPIO_PORT_TO_BASE)
                  000043e4    00000028     engr2350_msp432.obj (.const:$P$T1$2)
                  0000440c    0000001c     msp432p4xx_driverlib.lib : gpio.o (.const:GPIO_PORT_TO_INT)
                  00004428    00000018     main.obj (.const:$P$T1$1)
                  00004440    00000008     msp432p4xx_driverlib.lib : interrupt.o (.const:g_pulEnRegs)
                  00004448    00000005     engr2350_msp432.obj (.const:.string:$P$T0$1)

.cinit     0    00004450    000000b8     
                  00004450    00000082     (.cinit..data.load) [load image, compression = lzss]
                  000044d2    00000002     --HOLE-- [fill = 0]
                  000044d4    0000000c     (__TI_handler_table)
                  000044e0    00000008     (.cinit..bss.load) [load image, compression = zero_init]
                  000044e8    00000008     (.cinit..vtable.load) [load image, compression = zero_init]
                  000044f0    00000018     (__TI_cinit_table)

.init_array 
*          0    00000000    00000000     UNINITIALIZED

.binit     0    00000000    00000000     

.vtable    0    20000000    000000e8     UNINITIALIZED
                  20000000    000000e8     msp432p4xx_driverlib.lib : interrupt.o (.vtable)

.sysmem    0    200000e8    00000400     UNINITIALIZED
                  200000e8    00000010     rtsv7M4_T_le_v4SPD16_eabi.lib : memory.c.obj (.sysmem)
                  200000f8    000003f0     --HOLE--

.data      0    200004e8    00000205     UNINITIALIZED
                  200004e8    000000f0     rtsv7M4_T_le_v4SPD16_eabi.lib : defs.c.obj (.data:_ftable)
                  200005d8    00000078                                   : host_device.c.obj (.data:_device)
                  20000650    00000050                                   : host_device.c.obj (.data:_stream)
                  200006a0    00000010                                   : defs.c.obj (.data)
                  200006b0    0000000c                                   : exit.c.obj (.data:$O1$$)
                  200006bc    00000008                                   : _lock.c.obj (.data:$O1$$)
                  200006c4    00000008                                   : memory.c.obj (.data:$O1$$)
                  200006cc    00000006     main.obj (.data:BMP_PINS)
                  200006d2    00000004     main.obj (.data)
                  200006d6    00000002     main.obj (.data:BILED_PINS)
                  200006d8    00000004     rtsv7M4_T_le_v4SPD16_eabi.lib : add_device.c.obj (.data)
                  200006dc    00000004                                   : errno.c.obj (.data)
                  200006e0    00000004                                   : open.c.obj (.data)
                  200006e4    00000004                                   : rand.c.obj (.data)
                  200006e8    00000003     main.obj (.data:RGB_LED_PINS)
                  200006eb    00000002     main.obj (.data:PB_PORT_PIN)

.bss       0    200006f0    000001ee     UNINITIALIZED
                  200006f0    00000120     rtsv7M4_T_le_v4SPD16_eabi.lib : trgmsg.c.obj (.bss:_CIOBUF_)
                  20000810    000000a0     (.common:__TI_tmpnams)
                  200008b0    00000018     (.common:timerConfig50ms)
                  200008c8    00000008     (.common:color_pattern)
                  200008d0    00000008     (.common:parmbuf)
                  200008d8    00000001     (.common:bmp_pressed)
                  200008d9    00000001     (.common:count_50ms)
                  200008da    00000001     (.common:pb_pressed)
                  200008db    00000001     (.common:reminders_left)
                  200008dc    00000001     (.common:removed_patterns)
                  200008dd    00000001     (.common:state)

.stack     0    2000fc00    00000400     UNINITIALIZED
                  2000fc00    00000004     rtsv7M4_T_le_v4SPD16_eabi.lib : boot_cortex_m.c.obj (.stack)
                  2000fc04    000003fc     --HOLE--

__llvm_prf_cnts 
*          0    20000000    00000000     UNINITIALIZED

MODULE SUMMARY

       Module                        code    ro data   rw data
       ------                        ----    -------   -------
    .\
       main.obj                      2692    24        110    
    +--+-----------------------------+-------+---------+---------+
       Total:                        2692    24        110    
                                                              
    .\src\
       engr2350_msp432.obj           524     45        0      
       startup_msp432p401r_ccs.obj   14      228       0      
       system_msp432p401r.obj        152     0         0      
    +--+-----------------------------+-------+---------+---------+
       Total:                        690     273       0      
                                                              
    C:/ti/simplelink_msp432p4_sdk_3_40_01_02/source/ti/devices/msp432p4xx/driverlib/ccs/msp432p4xx_driverlib.lib
       gpio.o                        700     76        0      
       timer_a.o                     726     0         0      
       interrupt.o                   220     8         464    
       uart.o                        284     0         0      
    +--+-----------------------------+-------+---------+---------+
       Total:                        1930    84        464    
                                                              
    C:\ti\ccs1210\ccs\tools\compiler\ti-cgt-arm_20.2.7.LTS\lib\rtsv7M4_T_le_v4SPD16_eabi.lib
       _printfi.c.obj                4851    0         0      
       defs.c.obj                    0       0         832    
       memory.c.obj                  672     0         16     
       trgmsg.c.obj                  108     0         576    
       fd_add_t2.asm.obj             438     0         0      
       host_device.c.obj             0       0         400    
       fopen.c.obj                   376     0         0      
       fd_div_t2.asm.obj             310     0         0      
       fputs.c.obj                   276     0         0      
       s_scalbn.c.obj                272     0         0      
       fd_cmp_t2.asm.obj             268     0         0      
       ctype.c.obj                   0       257       0      
       fd_mul_t2.asm.obj             252     0         0      
       setvbuf.c.obj                 220     0         0      
       open.c.obj                    188     0         8      
       add_device.c.obj              184     0         8      
       memcpy_t2.asm.obj             156     0         0      
       ull_div_t2.asm.obj            150     0         0      
       fputc.c.obj                   140     0         0      
       memset_t2.asm.obj             122     0         0      
       fclose.c.obj                  116     0         0      
       getdevice.c.obj               116     0         0      
       hostopen.c.obj                96      0         16     
       printf.c.obj                  112     0         0      
       hostrename.c.obj              108     0         0      
       copy_decompress_lzss.c.obj    104     0         0      
       hostlseek.c.obj               104     0         0      
       exit.c.obj                    76      0         24     
       fseek.c.obj                   100     0         0      
       s_frexp.c.obj                 100     0         0      
       _io_perm.c.obj                98      0         0      
       rand.c.obj                    88      0         8      
       close.c.obj                   92      0         0      
       hostread.c.obj                88      0         0      
       hostwrite.c.obj               88      0         0      
       _ltoa.c.obj                   84      0         0      
       atoi.c.obj                    76      0         0      
       fflush.c.obj                  76      0         0      
       fd_toi_t2.asm.obj             72      0         0      
       autoinit.c.obj                68      0         0      
       hostclose.c.obj               68      0         0      
       hostunlink.c.obj              68      0         0      
       strncpy.c.obj                 54      0         0      
       boot_cortex_m.c.obj           52      0         0      
       i_tofd_t2.asm.obj             46      0         0      
       unlink.c.obj                  44      0         0      
       lseek.c.obj                   40      0         0      
       write.c.obj                   40      0         0      
       memchr.c.obj                  32      0         0      
       copy_zero_init.c.obj          28      0         0      
       memccpy.c.obj                 28      0         0      
       s_copysign.c.obj              26      0         0      
       strcmp.c.obj                  24      0         0      
       strchr.c.obj                  22      0         0      
       strcpy.c.obj                  20      0         0      
       strlen.c.obj                  20      0         0      
       _lock.c.obj                   2       0         16     
       wcslen.c.obj                  18      0         0      
       errno.c.obj                   8       0         8      
       copy_decompress_none.c.obj    14      0         0      
       pre_init.c.obj                4       0         0      
       div0.asm.obj                  2       0         0      
    +--+-----------------------------+-------+---------+---------+
       Total:                        11505   257       1912   
                                                              
       Heap:                         0       0         2048   
       Stack:                        0       0         2048   
       Linker Generated:             0       182       0      
    +--+-----------------------------+-------+---------+---------+
       Grand Total:                  16817   820       6582   


LINKER GENERATED COPY TABLES

__TI_cinit_table @ 000044f0 records: 3, size/record: 8, table size: 24
	.data: load addr=00004450, load size=00000082 bytes, run addr=200004e8, run size=00000205 bytes, compression=lzss
	.bss: load addr=000044e0, load size=00000008 bytes, run addr=200006f0, run size=000001ee bytes, compression=zero_init
	.vtable: load addr=000044e8, load size=00000008 bytes, run addr=20000000, run size=000000e8 bytes, compression=zero_init


LINKER GENERATED HANDLER TABLE

__TI_handler_table @ 000044d4 records: 3, size/record: 4, table size: 12
	index: 0, handler: __TI_zero_init
	index: 1, handler: __TI_decompress_lzss
	index: 2, handler: __TI_decompress_none


GLOBAL SYMBOLS: SORTED ALPHABETICALLY BY Name 

address   name                                
-------   ----                                
00000b33  ADC14_IRQHandler                    
00000b33  AES256_IRQHandler                   
200006d6  BILED_PINS                          
200006d4  BILED_PORT                          
200006cc  BMP_PINS                            
200006d5  BMP_PORT                            
00000b33  BusFault_Handler                    
000042ad  C$$EXIT                             
00003d2f  C$$IO$$                             
00000b33  COMP_E0_IRQHandler                  
00000b33  COMP_E1_IRQHandler                  
00000b33  CS_IRQHandler                       
00000b33  DMA_ERR_IRQHandler                  
00000b33  DMA_INT0_IRQHandler                 
00000b33  DMA_INT1_IRQHandler                 
00000b33  DMA_INT2_IRQHandler                 
00000b33  DMA_INT3_IRQHandler                 
00000b33  DebugMon_Handler                    
00000b33  Default_Handler                     
00000b33  EUSCIA0_IRQHandler                  
00000b33  EUSCIA1_IRQHandler                  
00000b33  EUSCIA2_IRQHandler                  
00000b33  EUSCIA3_IRQHandler                  
00000b33  EUSCIB0_IRQHandler                  
00000b33  EUSCIB1_IRQHandler                  
00000b33  EUSCIB2_IRQHandler                  
00000b33  EUSCIB3_IRQHandler                  
00000b33  FLCTL_IRQHandler                    
00000b33  FPU_IRQHandler                      
00001301  GPIO_Init                           
00003f31  GPIO_clearInterruptFlag             
00003f59  GPIO_enableInterrupt                
00002c55  GPIO_getEnabledInterruptStatus      
00003e75  GPIO_getInputPinValue               
00004049  GPIO_getInterruptStatus             
00003cc5  GPIO_interruptEdgeSelect            
0000406d  GPIO_registerInterrupt              
00003869  GPIO_setAsInputPin                  
00003561  GPIO_setAsInputPinWithPullUpResistor
00003c05  GPIO_setAsOutputPin                 
00003f81  GPIO_setOutputHighOnPin             
00003fa9  GPIO_setOutputLowOnPin              
00003a6d  HOSTclose                           
0000317d  HOSTlseek                           
00003449  HOSTopen                            
000035b9  HOSTread                            
00003111  HOSTrename                          
00003ab1  HOSTunlink                          
00003611  HOSTwrite                           
00000b33  HardFault_Handler                   
00002cd9  Interrupt_enableInterrupt           
000034a9  Interrupt_registerInterrupt         
00000b33  MemManage_Handler                   
00000b33  NMI_Handler                         
200006eb  PB_PORT_PIN                         
00000b33  PCM_IRQHandler                      
00000b33  PORT1_IRQHandler                    
00000b33  PORT2_IRQHandler                    
00000b33  PORT3_IRQHandler                    
00000b33  PORT4_IRQHandler                    
00000b33  PORT5_IRQHandler                    
00000b33  PORT6_IRQHandler                    
00000b33  PSS_IRQHandler                      
0000394d  Pattern_Init                        
00000b33  PendSV_Handler                      
200006e8  RGB_LED_PINS                        
200006d3  RGB_LED_PORT                        
00000b33  RTC_C_IRQHandler                    
0000427b  Reset_Handler                       
00000b33  SVC_Handler                         
00004287  SysInit                             
00000b33  SysTick_Handler                     
00002901  SystemInit                          
00000b33  T32_INT1_IRQHandler                 
00000b33  T32_INT2_IRQHandler                 
00000b33  T32_INTC_IRQHandler                 
00000b33  TA0_0_IRQHandler                    
00000b33  TA0_N_IRQHandler                    
00000b33  TA1_0_IRQHandler                    
00000b33  TA1_N_IRQHandler                    
00000b33  TA2_0_IRQHandler                    
00000b33  TA2_N_IRQHandler                    
00000b33  TA3_0_IRQHandler                    
00000b33  TA3_N_IRQHandler                    
000041ad  Timer_A_clearInterruptFlag          
0000417d  Timer_A_clearTimer                  
000031e5  Timer_A_configureUpMode             
00002289  Timer_A_registerInterrupt           
000041c3  Timer_A_startCounter                
000041ef  Timer_A_stopTimer                   
00003719  Timers_Init                         
00001a7d  UART_initModule                     
00000b33  UsageFault_Handler                  
4000480c  WDTCTL_SYM                          
00000b33  WDT_A_IRQHandler                    
200006f0  __CIOBUF_                           
20010000  __STACK_END                         
00000400  __STACK_SIZE                        
00000400  __SYSMEM_SIZE                       
000044f0  __TI_CINIT_Base                     
00004508  __TI_CINIT_Limit                    
000044d4  __TI_Handler_Table_Base             
000044e0  __TI_Handler_Table_Limit            
00003af5  __TI_auto_init_nobinit_nopinit      
00003d71  __TI_cleanup                        
200006b0  __TI_cleanup_ptr                    
00002fbd  __TI_closefile                      
0000324d  __TI_decompress_lzss                
0000425f  __TI_decompress_none                
000038b5  __TI_doflush                        
200006b4  __TI_dtors_ptr                      
200006b8  __TI_enable_exit_profile_output     
200006a0  __TI_ft_end                         
0000376d  __TI_ltoa                           
ffffffff  __TI_pprof_out_hndl                 
000000e5  __TI_printfi                        
ffffffff  __TI_prof_data_size                 
ffffffff  __TI_prof_data_start                
00003da5  __TI_readmsg                        
00000000  __TI_static_base__                  
20000810  __TI_tmpnams                        
00003d01  __TI_writemsg                       
000033e5  __TI_wrt_ok                         
000040f1  __TI_zero_init_nomemset             
00002b49  __aeabi_cdcmpeq                     
00002b49  __aeabi_cdcmple                     
00002bcf  __aeabi_cdrcmple                    
00003a25  __aeabi_d2iz                        
00001153  __aeabi_dadd                        
00001821  __aeabi_ddiv                        
00001fcd  __aeabi_dmul                        
00001149  __aeabi_dsub                        
00004291  __aeabi_errno_addr                  
00003ed5  __aeabi_i2d                         
00001957  __aeabi_idiv0                       
00001957  __aeabi_ldiv0                       
00002dd9  __aeabi_memclr                      
00002dd9  __aeabi_memclr4                     
00002dd9  __aeabi_memclr8                     
00002865  __aeabi_memcpy                      
00002865  __aeabi_memcpy4                     
00002865  __aeabi_memcpy8                     
00002ddb  __aeabi_memset                      
00002ddb  __aeabi_memset4                     
00002ddb  __aeabi_memset8                     
200006ac  __aeabi_stderr                      
200006a4  __aeabi_stdin                       
200006a8  __aeabi_stdout                      
00002999  __aeabi_uldivmod                    
ffffffff  __binit__                           
ffffffff  __c_args__                          
UNDEFED   __mpu_init                          
2000fc00  __stack                             
20000000  __start___llvm_prf_cnts             
20000000  __stop___llvm_prf_cnts              
00003dd9  _c_int00_noargs                     
000042b0  _ctypes_                            
200005d8  _device                             
200004e8  _ftable                             
200006bc  _lock                               
000012ff  _nop                                
20000650  _stream                             
200000e8  _sys_memory                         
UNDEFED   _system_post_cinit                  
000042a9  _system_pre_init                    
200006c0  _unlock                             
000042ad  abort                               
000025b1  add_device                          
00001ecd  aligned_alloc                       
00003901  atoi                                
ffffffff  binit                               
00002a31  bmp_interrupt                       
200008d8  bmp_pressed                         
00003505  close                               
200008c8  color_pattern                       
00004161  copysign                            
00004161  copysignl                           
200008d9  count_50ms                          
000040d5  dclose                              
0000422b  dlseek                              
00002d59  dopen                               
000037c1  dread                               
0000424f  drename                             
0000426d  dunlink                             
00003995  dwrite                              
200006dc  errno                               
000039dd  exit                                
00003ea5  finddevice                          
00002abd  fputc                               
00001b99  fputs                               
000020c9  free                                
00003e0d  freopen                             
0000331d  frexp                               
0000331d  frexpl                              
00003381  fseek                               
20000000  g_pfnRAMVectors                     
00002e55  game_done_state                     
00003b39  getdevice                           
000027c9  init_std_uart                       
00000da5  input_colors_state                  
00000000  interruptVectors                    
00001dbd  ldexp                               
00001dbd  ldexpl                              
00003ff9  lseek                               
0000235d  main                                
00004299  malloc                              
00001ecd  memalign                            
00004129  memccpy                             
000040b5  memchr                              
00002865  memcpy                              
00002de1  memset                              
000024f5  open                                
200008d0  parmbuf                             
00003669  pb_interrupt                        
200008da  pb_pressed                          
000032b5  printf                              
00002abd  putc                                
00003e41  rand                                
200008db  reminders_left                      
00003f05  remove                              
200008dc  removed_patterns                    
0000242d  same_port_interrupt                 
00001dbd  scalbn                              
00001dbd  scalbnl                             
200006d2  seed                                
00002ecd  set_BILED                           
000015a1  set_RGB_LED                         
0000271d  set_RGB_LED_by_BMP                  
000021ad  setvbuf                             
00003c45  show_colors_state                   
00002f45  show_pattern                        
00004091  srand                               
200008dd  state                               
000041d9  strchr                              
00004195  strcmp                              
00004203  strcpy                              
00004217  strlen                              
00003d39  strncpy                             
00003b7d  test_buttons_state                  
00004145  timer50ms_interrupt                 
200008b0  timerConfig50ms                     
00003f05  unlink                              
00003bc1  wait_seconds                        
0000423d  wcslen                              
00004021  write                               


GLOBAL SYMBOLS: SORTED BY Symbol Address 

address   name                                
-------   ----                                
00000000  __TI_static_base__                  
00000000  interruptVectors                    
000000e5  __TI_printfi                        
00000400  __STACK_SIZE                        
00000400  __SYSMEM_SIZE                       
00000b33  ADC14_IRQHandler                    
00000b33  AES256_IRQHandler                   
00000b33  BusFault_Handler                    
00000b33  COMP_E0_IRQHandler                  
00000b33  COMP_E1_IRQHandler                  
00000b33  CS_IRQHandler                       
00000b33  DMA_ERR_IRQHandler                  
00000b33  DMA_INT0_IRQHandler                 
00000b33  DMA_INT1_IRQHandler                 
00000b33  DMA_INT2_IRQHandler                 
00000b33  DMA_INT3_IRQHandler                 
00000b33  DebugMon_Handler                    
00000b33  Default_Handler                     
00000b33  EUSCIA0_IRQHandler                  
00000b33  EUSCIA1_IRQHandler                  
00000b33  EUSCIA2_IRQHandler                  
00000b33  EUSCIA3_IRQHandler                  
00000b33  EUSCIB0_IRQHandler                  
00000b33  EUSCIB1_IRQHandler                  
00000b33  EUSCIB2_IRQHandler                  
00000b33  EUSCIB3_IRQHandler                  
00000b33  FLCTL_IRQHandler                    
00000b33  FPU_IRQHandler                      
00000b33  HardFault_Handler                   
00000b33  MemManage_Handler                   
00000b33  NMI_Handler                         
00000b33  PCM_IRQHandler                      
00000b33  PORT1_IRQHandler                    
00000b33  PORT2_IRQHandler                    
00000b33  PORT3_IRQHandler                    
00000b33  PORT4_IRQHandler                    
00000b33  PORT5_IRQHandler                    
00000b33  PORT6_IRQHandler                    
00000b33  PSS_IRQHandler                      
00000b33  PendSV_Handler                      
00000b33  RTC_C_IRQHandler                    
00000b33  SVC_Handler                         
00000b33  SysTick_Handler                     
00000b33  T32_INT1_IRQHandler                 
00000b33  T32_INT2_IRQHandler                 
00000b33  T32_INTC_IRQHandler                 
00000b33  TA0_0_IRQHandler                    
00000b33  TA0_N_IRQHandler                    
00000b33  TA1_0_IRQHandler                    
00000b33  TA1_N_IRQHandler                    
00000b33  TA2_0_IRQHandler                    
00000b33  TA2_N_IRQHandler                    
00000b33  TA3_0_IRQHandler                    
00000b33  TA3_N_IRQHandler                    
00000b33  UsageFault_Handler                  
00000b33  WDT_A_IRQHandler                    
00000da5  input_colors_state                  
00001149  __aeabi_dsub                        
00001153  __aeabi_dadd                        
000012ff  _nop                                
00001301  GPIO_Init                           
000015a1  set_RGB_LED                         
00001821  __aeabi_ddiv                        
00001957  __aeabi_idiv0                       
00001957  __aeabi_ldiv0                       
00001a7d  UART_initModule                     
00001b99  fputs                               
00001dbd  ldexp                               
00001dbd  ldexpl                              
00001dbd  scalbn                              
00001dbd  scalbnl                             
00001ecd  aligned_alloc                       
00001ecd  memalign                            
00001fcd  __aeabi_dmul                        
000020c9  free                                
000021ad  setvbuf                             
00002289  Timer_A_registerInterrupt           
0000235d  main                                
0000242d  same_port_interrupt                 
000024f5  open                                
000025b1  add_device                          
0000271d  set_RGB_LED_by_BMP                  
000027c9  init_std_uart                       
00002865  __aeabi_memcpy                      
00002865  __aeabi_memcpy4                     
00002865  __aeabi_memcpy8                     
00002865  memcpy                              
00002901  SystemInit                          
00002999  __aeabi_uldivmod                    
00002a31  bmp_interrupt                       
00002abd  fputc                               
00002abd  putc                                
00002b49  __aeabi_cdcmpeq                     
00002b49  __aeabi_cdcmple                     
00002bcf  __aeabi_cdrcmple                    
00002c55  GPIO_getEnabledInterruptStatus      
00002cd9  Interrupt_enableInterrupt           
00002d59  dopen                               
00002dd9  __aeabi_memclr                      
00002dd9  __aeabi_memclr4                     
00002dd9  __aeabi_memclr8                     
00002ddb  __aeabi_memset                      
00002ddb  __aeabi_memset4                     
00002ddb  __aeabi_memset8                     
00002de1  memset                              
00002e55  game_done_state                     
00002ecd  set_BILED                           
00002f45  show_pattern                        
00002fbd  __TI_closefile                      
00003111  HOSTrename                          
0000317d  HOSTlseek                           
000031e5  Timer_A_configureUpMode             
0000324d  __TI_decompress_lzss                
000032b5  printf                              
0000331d  frexp                               
0000331d  frexpl                              
00003381  fseek                               
000033e5  __TI_wrt_ok                         
00003449  HOSTopen                            
000034a9  Interrupt_registerInterrupt         
00003505  close                               
00003561  GPIO_setAsInputPinWithPullUpResistor
000035b9  HOSTread                            
00003611  HOSTwrite                           
00003669  pb_interrupt                        
00003719  Timers_Init                         
0000376d  __TI_ltoa                           
000037c1  dread                               
00003869  GPIO_setAsInputPin                  
000038b5  __TI_doflush                        
00003901  atoi                                
0000394d  Pattern_Init                        
00003995  dwrite                              
000039dd  exit                                
00003a25  __aeabi_d2iz                        
00003a6d  HOSTclose                           
00003ab1  HOSTunlink                          
00003af5  __TI_auto_init_nobinit_nopinit      
00003b39  getdevice                           
00003b7d  test_buttons_state                  
00003bc1  wait_seconds                        
00003c05  GPIO_setAsOutputPin                 
00003c45  show_colors_state                   
00003cc5  GPIO_interruptEdgeSelect            
00003d01  __TI_writemsg                       
00003d2f  C$$IO$$                             
00003d39  strncpy                             
00003d71  __TI_cleanup                        
00003da5  __TI_readmsg                        
00003dd9  _c_int00_noargs                     
00003e0d  freopen                             
00003e41  rand                                
00003e75  GPIO_getInputPinValue               
00003ea5  finddevice                          
00003ed5  __aeabi_i2d                         
00003f05  remove                              
00003f05  unlink                              
00003f31  GPIO_clearInterruptFlag             
00003f59  GPIO_enableInterrupt                
00003f81  GPIO_setOutputHighOnPin             
00003fa9  GPIO_setOutputLowOnPin              
00003ff9  lseek                               
00004021  write                               
00004049  GPIO_getInterruptStatus             
0000406d  GPIO_registerInterrupt              
00004091  srand                               
000040b5  memchr                              
000040d5  dclose                              
000040f1  __TI_zero_init_nomemset             
00004129  memccpy                             
00004145  timer50ms_interrupt                 
00004161  copysign                            
00004161  copysignl                           
0000417d  Timer_A_clearTimer                  
00004195  strcmp                              
000041ad  Timer_A_clearInterruptFlag          
000041c3  Timer_A_startCounter                
000041d9  strchr                              
000041ef  Timer_A_stopTimer                   
00004203  strcpy                              
00004217  strlen                              
0000422b  dlseek                              
0000423d  wcslen                              
0000424f  drename                             
0000425f  __TI_decompress_none                
0000426d  dunlink                             
0000427b  Reset_Handler                       
00004287  SysInit                             
00004291  __aeabi_errno_addr                  
00004299  malloc                              
000042a9  _system_pre_init                    
000042ad  C$$EXIT                             
000042ad  abort                               
000042b0  _ctypes_                            
000044d4  __TI_Handler_Table_Base             
000044e0  __TI_Handler_Table_Limit            
000044f0  __TI_CINIT_Base                     
00004508  __TI_CINIT_Limit                    
20000000  __start___llvm_prf_cnts             
20000000  __stop___llvm_prf_cnts              
20000000  g_pfnRAMVectors                     
200000e8  _sys_memory                         
200004e8  _ftable                             
200005d8  _device                             
20000650  _stream                             
200006a0  __TI_ft_end                         
200006a4  __aeabi_stdin                       
200006a8  __aeabi_stdout                      
200006ac  __aeabi_stderr                      
200006b0  __TI_cleanup_ptr                    
200006b4  __TI_dtors_ptr                      
200006b8  __TI_enable_exit_profile_output     
200006bc  _lock                               
200006c0  _unlock                             
200006cc  BMP_PINS                            
200006d2  seed                                
200006d3  RGB_LED_PORT                        
200006d4  BILED_PORT                          
200006d5  BMP_PORT                            
200006d6  BILED_PINS                          
200006dc  errno                               
200006e8  RGB_LED_PINS                        
200006eb  PB_PORT_PIN                         
200006f0  __CIOBUF_                           
20000810  __TI_tmpnams                        
200008b0  timerConfig50ms                     
200008c8  color_pattern                       
200008d0  parmbuf                             
200008d8  bmp_pressed                         
200008d9  count_50ms                          
200008da  pb_pressed                          
200008db  reminders_left                      
200008dc  removed_patterns                    
200008dd  state                               
2000fc00  __stack                             
20010000  __STACK_END                         
4000480c  WDTCTL_SYM                          
ffffffff  __TI_pprof_out_hndl                 
ffffffff  __TI_prof_data_size                 
ffffffff  __TI_prof_data_start                
ffffffff  __binit__                           
ffffffff  __c_args__                          
ffffffff  binit                               
UNDEFED   __mpu_init                          
UNDEFED   _system_post_cinit                  

[245 symbols]
