<?xml version="1.0" encoding="ISO-8859-1" ?>
<link_info>
   <banner>TI ARM Linker PC v20.2.7.LTS</banner>
   <copyright>Copyright (c) 1996-2018 Texas Instruments Incorporated</copyright>
   <link_time>0x63fbce38</link_time>
   <link_errors>0x0</link_errors>
   <output_file>Lab 02.out</output_file>
   <entry_point>
      <name>_c_int00_noargs</name>
      <address>0x3b41</address>
   </entry_point>
   <input_file_list>
      <input_file id="fl-2">
         <path>.\</path>
         <kind>object</kind>
         <file>main.obj</file>
         <name>main.obj</name>
      </input_file>
      <input_file id="fl-3">
         <path>.\src\</path>
         <kind>object</kind>
         <file>engr2350_msp432.obj</file>
         <name>engr2350_msp432.obj</name>
      </input_file>
      <input_file id="fl-4">
         <path>.\src\</path>
         <kind>object</kind>
         <file>startup_msp432p401r_ccs.obj</file>
         <name>startup_msp432p401r_ccs.obj</name>
      </input_file>
      <input_file id="fl-5">
         <path>.\src\</path>
         <kind>object</kind>
         <file>system_msp432p401r.obj</file>
         <name>system_msp432p401r.obj</name>
      </input_file>
      <input_file id="fl-f">
         <kind>object</kind>
         <file>&lt;internal&gt;</file>
         <name>&lt;internal&gt;</name>
      </input_file>
      <input_file id="fl-10">
         <path>C:\ti\simplelink_msp432p4_sdk_3_40_01_02\source\ti\devices\msp432p4xx\driverlib\ccs\</path>
         <kind>archive</kind>
         <file>msp432p4xx_driverlib.lib</file>
         <name>gpio.o</name>
      </input_file>
      <input_file id="fl-11">
         <path>C:\ti\simplelink_msp432p4_sdk_3_40_01_02\source\ti\devices\msp432p4xx\driverlib\ccs\</path>
         <kind>archive</kind>
         <file>msp432p4xx_driverlib.lib</file>
         <name>interrupt.o</name>
      </input_file>
      <input_file id="fl-12">
         <path>C:\ti\simplelink_msp432p4_sdk_3_40_01_02\source\ti\devices\msp432p4xx\driverlib\ccs\</path>
         <kind>archive</kind>
         <file>msp432p4xx_driverlib.lib</file>
         <name>timer_a.o</name>
      </input_file>
      <input_file id="fl-13">
         <path>C:\ti\simplelink_msp432p4_sdk_3_40_01_02\source\ti\devices\msp432p4xx\driverlib\ccs\</path>
         <kind>archive</kind>
         <file>msp432p4xx_driverlib.lib</file>
         <name>uart.o</name>
      </input_file>
      <input_file id="fl-14">
         <path>C:\ti\simplelink_msp432p4_sdk_3_40_01_02\source\ti\devices\msp432p4xx\driverlib\ccs\</path>
         <kind>archive</kind>
         <file>msp432p4xx_driverlib.lib</file>
         <name>cpu.o</name>
      </input_file>
      <input_file id="fl-ca">
         <path>C:\ti\ccs1210\ccs\tools\compiler\ti-cgt-arm_20.2.7.LTS\lib\</path>
         <kind>archive</kind>
         <file>rtsv7M4_T_le_v4SPD16_eabi.lib</file>
         <name>printf.c.obj</name>
      </input_file>
      <input_file id="fl-cb">
         <path>C:\ti\ccs1210\ccs\tools\compiler\ti-cgt-arm_20.2.7.LTS\lib\</path>
         <kind>archive</kind>
         <file>rtsv7M4_T_le_v4SPD16_eabi.lib</file>
         <name>_printfi.c.obj</name>
      </input_file>
      <input_file id="fl-cc">
         <path>C:\ti\ccs1210\ccs\tools\compiler\ti-cgt-arm_20.2.7.LTS\lib\</path>
         <kind>archive</kind>
         <file>rtsv7M4_T_le_v4SPD16_eabi.lib</file>
         <name>fopen.c.obj</name>
      </input_file>
      <input_file id="fl-cd">
         <path>C:\ti\ccs1210\ccs\tools\compiler\ti-cgt-arm_20.2.7.LTS\lib\</path>
         <kind>archive</kind>
         <file>rtsv7M4_T_le_v4SPD16_eabi.lib</file>
         <name>fputc.c.obj</name>
      </input_file>
      <input_file id="fl-ce">
         <path>C:\ti\ccs1210\ccs\tools\compiler\ti-cgt-arm_20.2.7.LTS\lib\</path>
         <kind>archive</kind>
         <file>rtsv7M4_T_le_v4SPD16_eabi.lib</file>
         <name>fputs.c.obj</name>
      </input_file>
      <input_file id="fl-cf">
         <path>C:\ti\ccs1210\ccs\tools\compiler\ti-cgt-arm_20.2.7.LTS\lib\</path>
         <kind>archive</kind>
         <file>rtsv7M4_T_le_v4SPD16_eabi.lib</file>
         <name>_io_perm.c.obj</name>
      </input_file>
      <input_file id="fl-d0">
         <path>C:\ti\ccs1210\ccs\tools\compiler\ti-cgt-arm_20.2.7.LTS\lib\</path>
         <kind>archive</kind>
         <file>rtsv7M4_T_le_v4SPD16_eabi.lib</file>
         <name>setvbuf.c.obj</name>
      </input_file>
      <input_file id="fl-d1">
         <path>C:\ti\ccs1210\ccs\tools\compiler\ti-cgt-arm_20.2.7.LTS\lib\</path>
         <kind>archive</kind>
         <file>rtsv7M4_T_le_v4SPD16_eabi.lib</file>
         <name>fd_add_t2.asm.obj</name>
      </input_file>
      <input_file id="fl-d2">
         <path>C:\ti\ccs1210\ccs\tools\compiler\ti-cgt-arm_20.2.7.LTS\lib\</path>
         <kind>archive</kind>
         <file>rtsv7M4_T_le_v4SPD16_eabi.lib</file>
         <name>fd_cmp_t2.asm.obj</name>
      </input_file>
      <input_file id="fl-d3">
         <path>C:\ti\ccs1210\ccs\tools\compiler\ti-cgt-arm_20.2.7.LTS\lib\</path>
         <kind>archive</kind>
         <file>rtsv7M4_T_le_v4SPD16_eabi.lib</file>
         <name>fd_div_t2.asm.obj</name>
      </input_file>
      <input_file id="fl-d4">
         <path>C:\ti\ccs1210\ccs\tools\compiler\ti-cgt-arm_20.2.7.LTS\lib\</path>
         <kind>archive</kind>
         <file>rtsv7M4_T_le_v4SPD16_eabi.lib</file>
         <name>fd_mul_t2.asm.obj</name>
      </input_file>
      <input_file id="fl-d5">
         <path>C:\ti\ccs1210\ccs\tools\compiler\ti-cgt-arm_20.2.7.LTS\lib\</path>
         <kind>archive</kind>
         <file>rtsv7M4_T_le_v4SPD16_eabi.lib</file>
         <name>fd_toi_t2.asm.obj</name>
      </input_file>
      <input_file id="fl-d6">
         <path>C:\ti\ccs1210\ccs\tools\compiler\ti-cgt-arm_20.2.7.LTS\lib\</path>
         <kind>archive</kind>
         <file>rtsv7M4_T_le_v4SPD16_eabi.lib</file>
         <name>i_tofd_t2.asm.obj</name>
      </input_file>
      <input_file id="fl-d7">
         <path>C:\ti\ccs1210\ccs\tools\compiler\ti-cgt-arm_20.2.7.LTS\lib\</path>
         <kind>archive</kind>
         <file>rtsv7M4_T_le_v4SPD16_eabi.lib</file>
         <name>memcpy_t2.asm.obj</name>
      </input_file>
      <input_file id="fl-d8">
         <path>C:\ti\ccs1210\ccs\tools\compiler\ti-cgt-arm_20.2.7.LTS\lib\</path>
         <kind>archive</kind>
         <file>rtsv7M4_T_le_v4SPD16_eabi.lib</file>
         <name>memset_t2.asm.obj</name>
      </input_file>
      <input_file id="fl-d9">
         <path>C:\ti\ccs1210\ccs\tools\compiler\ti-cgt-arm_20.2.7.LTS\lib\</path>
         <kind>archive</kind>
         <file>rtsv7M4_T_le_v4SPD16_eabi.lib</file>
         <name>ull_div_t2.asm.obj</name>
      </input_file>
      <input_file id="fl-da">
         <path>C:\ti\ccs1210\ccs\tools\compiler\ti-cgt-arm_20.2.7.LTS\lib\</path>
         <kind>archive</kind>
         <file>rtsv7M4_T_le_v4SPD16_eabi.lib</file>
         <name>copy_zero_init.c.obj</name>
      </input_file>
      <input_file id="fl-db">
         <path>C:\ti\ccs1210\ccs\tools\compiler\ti-cgt-arm_20.2.7.LTS\lib\</path>
         <kind>archive</kind>
         <file>rtsv7M4_T_le_v4SPD16_eabi.lib</file>
         <name>copy_decompress_none.c.obj</name>
      </input_file>
      <input_file id="fl-dc">
         <path>C:\ti\ccs1210\ccs\tools\compiler\ti-cgt-arm_20.2.7.LTS\lib\</path>
         <kind>archive</kind>
         <file>rtsv7M4_T_le_v4SPD16_eabi.lib</file>
         <name>copy_decompress_lzss.c.obj</name>
      </input_file>
      <input_file id="fl-dd">
         <path>C:\ti\ccs1210\ccs\tools\compiler\ti-cgt-arm_20.2.7.LTS\lib\</path>
         <kind>archive</kind>
         <file>rtsv7M4_T_le_v4SPD16_eabi.lib</file>
         <name>exit.c.obj</name>
      </input_file>
      <input_file id="fl-de">
         <path>C:\ti\ccs1210\ccs\tools\compiler\ti-cgt-arm_20.2.7.LTS\lib\</path>
         <kind>archive</kind>
         <file>rtsv7M4_T_le_v4SPD16_eabi.lib</file>
         <name>_lock.c.obj</name>
      </input_file>
      <input_file id="fl-df">
         <path>C:\ti\ccs1210\ccs\tools\compiler\ti-cgt-arm_20.2.7.LTS\lib\</path>
         <kind>archive</kind>
         <file>rtsv7M4_T_le_v4SPD16_eabi.lib</file>
         <name>_ltoa.c.obj</name>
      </input_file>
      <input_file id="fl-e0">
         <path>C:\ti\ccs1210\ccs\tools\compiler\ti-cgt-arm_20.2.7.LTS\lib\</path>
         <kind>archive</kind>
         <file>rtsv7M4_T_le_v4SPD16_eabi.lib</file>
         <name>atoi.c.obj</name>
      </input_file>
      <input_file id="fl-e1">
         <path>C:\ti\ccs1210\ccs\tools\compiler\ti-cgt-arm_20.2.7.LTS\lib\</path>
         <kind>archive</kind>
         <file>rtsv7M4_T_le_v4SPD16_eabi.lib</file>
         <name>ctype.c.obj</name>
      </input_file>
      <input_file id="fl-e2">
         <path>C:\ti\ccs1210\ccs\tools\compiler\ti-cgt-arm_20.2.7.LTS\lib\</path>
         <kind>archive</kind>
         <file>rtsv7M4_T_le_v4SPD16_eabi.lib</file>
         <name>defs.c.obj</name>
      </input_file>
      <input_file id="fl-e3">
         <path>C:\ti\ccs1210\ccs\tools\compiler\ti-cgt-arm_20.2.7.LTS\lib\</path>
         <kind>archive</kind>
         <file>rtsv7M4_T_le_v4SPD16_eabi.lib</file>
         <name>memccpy.c.obj</name>
      </input_file>
      <input_file id="fl-e4">
         <path>C:\ti\ccs1210\ccs\tools\compiler\ti-cgt-arm_20.2.7.LTS\lib\</path>
         <kind>archive</kind>
         <file>rtsv7M4_T_le_v4SPD16_eabi.lib</file>
         <name>memchr.c.obj</name>
      </input_file>
      <input_file id="fl-e5">
         <path>C:\ti\ccs1210\ccs\tools\compiler\ti-cgt-arm_20.2.7.LTS\lib\</path>
         <kind>archive</kind>
         <file>rtsv7M4_T_le_v4SPD16_eabi.lib</file>
         <name>memory.c.obj</name>
      </input_file>
      <input_file id="fl-e6">
         <path>C:\ti\ccs1210\ccs\tools\compiler\ti-cgt-arm_20.2.7.LTS\lib\</path>
         <kind>archive</kind>
         <file>rtsv7M4_T_le_v4SPD16_eabi.lib</file>
         <name>rand.c.obj</name>
      </input_file>
      <input_file id="fl-e7">
         <path>C:\ti\ccs1210\ccs\tools\compiler\ti-cgt-arm_20.2.7.LTS\lib\</path>
         <kind>archive</kind>
         <file>rtsv7M4_T_le_v4SPD16_eabi.lib</file>
         <name>strchr.c.obj</name>
      </input_file>
      <input_file id="fl-e8">
         <path>C:\ti\ccs1210\ccs\tools\compiler\ti-cgt-arm_20.2.7.LTS\lib\</path>
         <kind>archive</kind>
         <file>rtsv7M4_T_le_v4SPD16_eabi.lib</file>
         <name>strlen.c.obj</name>
      </input_file>
      <input_file id="fl-e9">
         <path>C:\ti\ccs1210\ccs\tools\compiler\ti-cgt-arm_20.2.7.LTS\lib\</path>
         <kind>archive</kind>
         <file>rtsv7M4_T_le_v4SPD16_eabi.lib</file>
         <name>boot_cortex_m.c.obj</name>
      </input_file>
      <input_file id="fl-ea">
         <path>C:\ti\ccs1210\ccs\tools\compiler\ti-cgt-arm_20.2.7.LTS\lib\</path>
         <kind>archive</kind>
         <file>rtsv7M4_T_le_v4SPD16_eabi.lib</file>
         <name>write.c.obj</name>
      </input_file>
      <input_file id="fl-eb">
         <path>C:\ti\ccs1210\ccs\tools\compiler\ti-cgt-arm_20.2.7.LTS\lib\</path>
         <kind>archive</kind>
         <file>rtsv7M4_T_le_v4SPD16_eabi.lib</file>
         <name>host_device.c.obj</name>
      </input_file>
      <input_file id="fl-ec">
         <path>C:\ti\ccs1210\ccs\tools\compiler\ti-cgt-arm_20.2.7.LTS\lib\</path>
         <kind>archive</kind>
         <file>rtsv7M4_T_le_v4SPD16_eabi.lib</file>
         <name>open.c.obj</name>
      </input_file>
      <input_file id="fl-ed">
         <path>C:\ti\ccs1210\ccs\tools\compiler\ti-cgt-arm_20.2.7.LTS\lib\</path>
         <kind>archive</kind>
         <file>rtsv7M4_T_le_v4SPD16_eabi.lib</file>
         <name>add_device.c.obj</name>
      </input_file>
      <input_file id="fl-ee">
         <path>C:\ti\ccs1210\ccs\tools\compiler\ti-cgt-arm_20.2.7.LTS\lib\</path>
         <kind>archive</kind>
         <file>rtsv7M4_T_le_v4SPD16_eabi.lib</file>
         <name>errno.c.obj</name>
      </input_file>
      <input_file id="fl-ef">
         <path>C:\ti\ccs1210\ccs\tools\compiler\ti-cgt-arm_20.2.7.LTS\lib\</path>
         <kind>archive</kind>
         <file>rtsv7M4_T_le_v4SPD16_eabi.lib</file>
         <name>wcslen.c.obj</name>
      </input_file>
      <input_file id="fl-f0">
         <path>C:\ti\ccs1210\ccs\tools\compiler\ti-cgt-arm_20.2.7.LTS\lib\</path>
         <kind>archive</kind>
         <file>rtsv7M4_T_le_v4SPD16_eabi.lib</file>
         <name>s_frexp.c.obj</name>
      </input_file>
      <input_file id="fl-f1">
         <path>C:\ti\ccs1210\ccs\tools\compiler\ti-cgt-arm_20.2.7.LTS\lib\</path>
         <kind>archive</kind>
         <file>rtsv7M4_T_le_v4SPD16_eabi.lib</file>
         <name>s_scalbn.c.obj</name>
      </input_file>
      <input_file id="fl-f2">
         <path>C:\ti\ccs1210\ccs\tools\compiler\ti-cgt-arm_20.2.7.LTS\lib\</path>
         <kind>archive</kind>
         <file>rtsv7M4_T_le_v4SPD16_eabi.lib</file>
         <name>fclose.c.obj</name>
      </input_file>
      <input_file id="fl-f3">
         <path>C:\ti\ccs1210\ccs\tools\compiler\ti-cgt-arm_20.2.7.LTS\lib\</path>
         <kind>archive</kind>
         <file>rtsv7M4_T_le_v4SPD16_eabi.lib</file>
         <name>fflush.c.obj</name>
      </input_file>
      <input_file id="fl-f4">
         <path>C:\ti\ccs1210\ccs\tools\compiler\ti-cgt-arm_20.2.7.LTS\lib\</path>
         <kind>archive</kind>
         <file>rtsv7M4_T_le_v4SPD16_eabi.lib</file>
         <name>fseek.c.obj</name>
      </input_file>
      <input_file id="fl-f5">
         <path>C:\ti\ccs1210\ccs\tools\compiler\ti-cgt-arm_20.2.7.LTS\lib\</path>
         <kind>archive</kind>
         <file>rtsv7M4_T_le_v4SPD16_eabi.lib</file>
         <name>getdevice.c.obj</name>
      </input_file>
      <input_file id="fl-f6">
         <path>C:\ti\ccs1210\ccs\tools\compiler\ti-cgt-arm_20.2.7.LTS\lib\</path>
         <kind>archive</kind>
         <file>rtsv7M4_T_le_v4SPD16_eabi.lib</file>
         <name>div0.asm.obj</name>
      </input_file>
      <input_file id="fl-f7">
         <path>C:\ti\ccs1210\ccs\tools\compiler\ti-cgt-arm_20.2.7.LTS\lib\</path>
         <kind>archive</kind>
         <file>rtsv7M4_T_le_v4SPD16_eabi.lib</file>
         <name>autoinit.c.obj</name>
      </input_file>
      <input_file id="fl-f8">
         <path>C:\ti\ccs1210\ccs\tools\compiler\ti-cgt-arm_20.2.7.LTS\lib\</path>
         <kind>archive</kind>
         <file>rtsv7M4_T_le_v4SPD16_eabi.lib</file>
         <name>pre_init.c.obj</name>
      </input_file>
      <input_file id="fl-f9">
         <path>C:\ti\ccs1210\ccs\tools\compiler\ti-cgt-arm_20.2.7.LTS\lib\</path>
         <kind>archive</kind>
         <file>rtsv7M4_T_le_v4SPD16_eabi.lib</file>
         <name>cpy_tbl.c.obj</name>
      </input_file>
      <input_file id="fl-fa">
         <path>C:\ti\ccs1210\ccs\tools\compiler\ti-cgt-arm_20.2.7.LTS\lib\</path>
         <kind>archive</kind>
         <file>rtsv7M4_T_le_v4SPD16_eabi.lib</file>
         <name>args_main.c.obj</name>
      </input_file>
      <input_file id="fl-fb">
         <path>C:\ti\ccs1210\ccs\tools\compiler\ti-cgt-arm_20.2.7.LTS\lib\</path>
         <kind>archive</kind>
         <file>rtsv7M4_T_le_v4SPD16_eabi.lib</file>
         <name>strcmp.c.obj</name>
      </input_file>
      <input_file id="fl-fc">
         <path>C:\ti\ccs1210\ccs\tools\compiler\ti-cgt-arm_20.2.7.LTS\lib\</path>
         <kind>archive</kind>
         <file>rtsv7M4_T_le_v4SPD16_eabi.lib</file>
         <name>strncpy.c.obj</name>
      </input_file>
      <input_file id="fl-fd">
         <path>C:\ti\ccs1210\ccs\tools\compiler\ti-cgt-arm_20.2.7.LTS\lib\</path>
         <kind>archive</kind>
         <file>rtsv7M4_T_le_v4SPD16_eabi.lib</file>
         <name>hostclose.c.obj</name>
      </input_file>
      <input_file id="fl-fe">
         <path>C:\ti\ccs1210\ccs\tools\compiler\ti-cgt-arm_20.2.7.LTS\lib\</path>
         <kind>archive</kind>
         <file>rtsv7M4_T_le_v4SPD16_eabi.lib</file>
         <name>hostlseek.c.obj</name>
      </input_file>
      <input_file id="fl-ff">
         <path>C:\ti\ccs1210\ccs\tools\compiler\ti-cgt-arm_20.2.7.LTS\lib\</path>
         <kind>archive</kind>
         <file>rtsv7M4_T_le_v4SPD16_eabi.lib</file>
         <name>hostopen.c.obj</name>
      </input_file>
      <input_file id="fl-100">
         <path>C:\ti\ccs1210\ccs\tools\compiler\ti-cgt-arm_20.2.7.LTS\lib\</path>
         <kind>archive</kind>
         <file>rtsv7M4_T_le_v4SPD16_eabi.lib</file>
         <name>hostread.c.obj</name>
      </input_file>
      <input_file id="fl-101">
         <path>C:\ti\ccs1210\ccs\tools\compiler\ti-cgt-arm_20.2.7.LTS\lib\</path>
         <kind>archive</kind>
         <file>rtsv7M4_T_le_v4SPD16_eabi.lib</file>
         <name>hostrename.c.obj</name>
      </input_file>
      <input_file id="fl-102">
         <path>C:\ti\ccs1210\ccs\tools\compiler\ti-cgt-arm_20.2.7.LTS\lib\</path>
         <kind>archive</kind>
         <file>rtsv7M4_T_le_v4SPD16_eabi.lib</file>
         <name>hostunlink.c.obj</name>
      </input_file>
      <input_file id="fl-103">
         <path>C:\ti\ccs1210\ccs\tools\compiler\ti-cgt-arm_20.2.7.LTS\lib\</path>
         <kind>archive</kind>
         <file>rtsv7M4_T_le_v4SPD16_eabi.lib</file>
         <name>hostwrite.c.obj</name>
      </input_file>
      <input_file id="fl-104">
         <path>C:\ti\ccs1210\ccs\tools\compiler\ti-cgt-arm_20.2.7.LTS\lib\</path>
         <kind>archive</kind>
         <file>rtsv7M4_T_le_v4SPD16_eabi.lib</file>
         <name>trgmsg.c.obj</name>
      </input_file>
      <input_file id="fl-105">
         <path>C:\ti\ccs1210\ccs\tools\compiler\ti-cgt-arm_20.2.7.LTS\lib\</path>
         <kind>archive</kind>
         <file>rtsv7M4_T_le_v4SPD16_eabi.lib</file>
         <name>remove.c.obj</name>
      </input_file>
      <input_file id="fl-106">
         <path>C:\ti\ccs1210\ccs\tools\compiler\ti-cgt-arm_20.2.7.LTS\lib\</path>
         <kind>archive</kind>
         <file>rtsv7M4_T_le_v4SPD16_eabi.lib</file>
         <name>lseek.c.obj</name>
      </input_file>
      <input_file id="fl-107">
         <path>C:\ti\ccs1210\ccs\tools\compiler\ti-cgt-arm_20.2.7.LTS\lib\</path>
         <kind>archive</kind>
         <file>rtsv7M4_T_le_v4SPD16_eabi.lib</file>
         <name>close.c.obj</name>
      </input_file>
      <input_file id="fl-108">
         <path>C:\ti\ccs1210\ccs\tools\compiler\ti-cgt-arm_20.2.7.LTS\lib\</path>
         <kind>archive</kind>
         <file>rtsv7M4_T_le_v4SPD16_eabi.lib</file>
         <name>s_copysign.c.obj</name>
      </input_file>
      <input_file id="fl-109">
         <path>C:\ti\ccs1210\ccs\tools\compiler\ti-cgt-arm_20.2.7.LTS\lib\</path>
         <kind>archive</kind>
         <file>rtsv7M4_T_le_v4SPD16_eabi.lib</file>
         <name>strcpy.c.obj</name>
      </input_file>
      <input_file id="fl-10a">
         <path>C:\ti\ccs1210\ccs\tools\compiler\ti-cgt-arm_20.2.7.LTS\lib\</path>
         <kind>archive</kind>
         <file>rtsv7M4_T_le_v4SPD16_eabi.lib</file>
         <name>unlink.c.obj</name>
      </input_file>
   </input_file_list>
   <object_component_list>
      <object_component id="oc-26">
         <name>.intvecs:retain</name>
         <load_address>0x0</load_address>
         <run_address>0x0</run_address>
         <size>0xe4</size>
         <input_file_ref idref="fl-4"/>
      </object_component>
      <object_component id="oc-1ea">
         <name>.text:__TI_printfi</name>
         <load_address>0xe4</load_address>
         <run_address>0xe4</run_address>
         <size>0xa4e</size>
         <input_file_ref idref="fl-cb"/>
      </object_component>
      <object_component id="oc-70">
         <name>.text:Default_Handler</name>
         <load_address>0xb32</load_address>
         <run_address>0xb32</run_address>
         <size>0x2</size>
         <input_file_ref idref="fl-4"/>
      </object_component>
      <object_component id="oc-32f">
         <name>.text:_pconv_a</name>
         <load_address>0xb34</load_address>
         <run_address>0xb34</run_address>
         <size>0x270</size>
         <input_file_ref idref="fl-cb"/>
      </object_component>
      <object_component id="oc-31d">
         <name>.text:_pconv_g</name>
         <load_address>0xda4</load_address>
         <run_address>0xda4</run_address>
         <size>0x1d0</size>
         <input_file_ref idref="fl-cb"/>
      </object_component>
      <object_component id="oc-44f">
         <name>.text</name>
         <load_address>0xf74</load_address>
         <run_address>0xf74</run_address>
         <size>0x1b6</size>
         <input_file_ref idref="fl-d1"/>
      </object_component>
      <object_component id="oc-2f7">
         <name>.text:_nop</name>
         <load_address>0x112a</load_address>
         <run_address>0x112a</run_address>
         <size>0x2</size>
         <input_file_ref idref="fl-de"/>
      </object_component>
      <object_component id="oc-e3">
         <name>.text:GPIO_Init</name>
         <load_address>0x112c</load_address>
         <run_address>0x112c</run_address>
         <size>0x15c</size>
         <input_file_ref idref="fl-2"/>
      </object_component>
      <object_component id="oc-2e5">
         <name>.text:privateTimer_AProcessClockSourceDivider</name>
         <load_address>0x1288</load_address>
         <run_address>0x1288</run_address>
         <size>0x144</size>
         <input_file_ref idref="fl-12"/>
      </object_component>
      <object_component id="oc-16f">
         <name>.text:set_RGB_LED</name>
         <load_address>0x13cc</load_address>
         <run_address>0x13cc</run_address>
         <size>0x144</size>
         <input_file_ref idref="fl-2"/>
      </object_component>
      <object_component id="oc-329">
         <name>.text:_pconv_e</name>
         <load_address>0x1510</load_address>
         <run_address>0x1510</run_address>
         <size>0x13c</size>
         <input_file_ref idref="fl-cb"/>
      </object_component>
      <object_component id="oc-435">
         <name>.text</name>
         <load_address>0x164c</load_address>
         <run_address>0x164c</run_address>
         <size>0x136</size>
         <input_file_ref idref="fl-d3"/>
      </object_component>
      <object_component id="oc-54e">
         <name>.text</name>
         <load_address>0x1782</load_address>
         <run_address>0x1782</run_address>
         <size>0x2</size>
         <input_file_ref idref="fl-f6"/>
      </object_component>
      <object_component id="oc-461">
         <name>.text:fcvt</name>
         <load_address>0x1784</load_address>
         <run_address>0x1784</run_address>
         <size>0x124</size>
         <input_file_ref idref="fl-cb"/>
      </object_component>
      <object_component id="oc-3d1">
         <name>.text:UART_initModule</name>
         <load_address>0x18a8</load_address>
         <run_address>0x18a8</run_address>
         <size>0x11c</size>
         <input_file_ref idref="fl-13"/>
      </object_component>
      <object_component id="oc-357">
         <name>.text:fputs</name>
         <load_address>0x19c4</load_address>
         <run_address>0x19c4</run_address>
         <size>0x114</size>
         <input_file_ref idref="fl-ce"/>
      </object_component>
      <object_component id="oc-39f">
         <name>.text:_openfile</name>
         <load_address>0x1ad8</load_address>
         <run_address>0x1ad8</run_address>
         <size>0x110</size>
         <input_file_ref idref="fl-cc"/>
      </object_component>
      <object_component id="oc-475">
         <name>.text:scalbn</name>
         <load_address>0x1be8</load_address>
         <run_address>0x1be8</run_address>
         <size>0x110</size>
         <input_file_ref idref="fl-f1"/>
      </object_component>
      <object_component id="oc-52e">
         <name>.text:aligned_alloc</name>
         <load_address>0x1cf8</load_address>
         <run_address>0x1cf8</run_address>
         <size>0x100</size>
         <input_file_ref idref="fl-e5"/>
      </object_component>
      <object_component id="oc-430">
         <name>.text</name>
         <load_address>0x1df8</load_address>
         <run_address>0x1df8</run_address>
         <size>0xfc</size>
         <input_file_ref idref="fl-d4"/>
      </object_component>
      <object_component id="oc-3a7">
         <name>.text:free</name>
         <load_address>0x1ef4</load_address>
         <run_address>0x1ef4</run_address>
         <size>0xe4</size>
         <input_file_ref idref="fl-e5"/>
      </object_component>
      <object_component id="oc-262">
         <name>.text:setvbuf</name>
         <load_address>0x1fd8</load_address>
         <run_address>0x1fd8</run_address>
         <size>0xdc</size>
         <input_file_ref idref="fl-d0"/>
      </object_component>
      <object_component id="oc-1be">
         <name>.text:Timer_A_registerInterrupt</name>
         <load_address>0x20b4</load_address>
         <run_address>0x20b4</run_address>
         <size>0xd2</size>
         <input_file_ref idref="fl-12"/>
      </object_component>
      <object_component id="oc-1a5">
         <name>.text:same_port_interrupt</name>
         <load_address>0x2188</load_address>
         <run_address>0x2188</run_address>
         <size>0xc8</size>
         <input_file_ref idref="fl-2"/>
      </object_component>
      <object_component id="oc-518">
         <name>.text:open</name>
         <load_address>0x2250</load_address>
         <run_address>0x2250</run_address>
         <size>0xbc</size>
         <input_file_ref idref="fl-ec"/>
      </object_component>
      <object_component id="oc-256">
         <name>.text:add_device</name>
         <load_address>0x230c</load_address>
         <run_address>0x230c</run_address>
         <size>0xb8</size>
         <input_file_ref idref="fl-ed"/>
      </object_component>
      <object_component id="oc-312">
         <name>.text:_ltostr</name>
         <load_address>0x23c4</load_address>
         <run_address>0x23c4</run_address>
         <size>0xb1</size>
         <input_file_ref idref="fl-cb"/>
      </object_component>
      <object_component id="oc-206">
         <name>.text:set_RGB_LED_by_BMP</name>
         <load_address>0x2478</load_address>
         <run_address>0x2478</run_address>
         <size>0xac</size>
         <input_file_ref idref="fl-2"/>
      </object_component>
      <object_component id="oc-a0">
         <name>.text:main</name>
         <load_address>0x2524</load_address>
         <run_address>0x2524</run_address>
         <size>0xa0</size>
         <input_file_ref idref="fl-2"/>
      </object_component>
      <object_component id="oc-162">
         <name>.text:init_std_uart</name>
         <load_address>0x25c4</load_address>
         <run_address>0x25c4</run_address>
         <size>0x9c</size>
         <input_file_ref idref="fl-3"/>
      </object_component>
      <object_component id="oc-3a">
         <name>.text</name>
         <load_address>0x2660</load_address>
         <run_address>0x2660</run_address>
         <size>0x9c</size>
         <input_file_ref idref="fl-d7"/>
      </object_component>
      <object_component id="oc-10d">
         <name>.text:show_colors_state</name>
         <load_address>0x26fc</load_address>
         <run_address>0x26fc</run_address>
         <size>0x9c</size>
         <input_file_ref idref="fl-2"/>
      </object_component>
      <object_component id="oc-b2">
         <name>.text:SystemInit</name>
         <load_address>0x2798</load_address>
         <run_address>0x2798</run_address>
         <size>0x98</size>
         <input_file_ref idref="fl-5"/>
      </object_component>
      <object_component id="oc-429">
         <name>.text</name>
         <load_address>0x2830</load_address>
         <run_address>0x2830</run_address>
         <size>0x96</size>
         <input_file_ref idref="fl-d9"/>
      </object_component>
      <object_component id="oc-1ab">
         <name>.text:bmp_interrupt</name>
         <load_address>0x28c8</load_address>
         <run_address>0x28c8</run_address>
         <size>0x8c</size>
         <input_file_ref idref="fl-2"/>
      </object_component>
      <object_component id="oc-35e">
         <name>.text:fputc</name>
         <load_address>0x2954</load_address>
         <run_address>0x2954</run_address>
         <size>0x8c</size>
         <input_file_ref idref="fl-cd"/>
      </object_component>
      <object_component id="oc-318">
         <name>.text:__aeabi_cdcmple</name>
         <load_address>0x29e0</load_address>
         <run_address>0x29e0</run_address>
         <size>0x86</size>
         <input_file_ref idref="fl-d2"/>
      </object_component>
      <object_component id="oc-43a">
         <name>.text:__aeabi_cdrcmple</name>
         <load_address>0x2a66</load_address>
         <run_address>0x2a66</run_address>
         <size>0x86</size>
         <input_file_ref idref="fl-d2"/>
      </object_component>
      <object_component id="oc-2d0">
         <name>.text:GPIO_getEnabledInterruptStatus</name>
         <load_address>0x2aec</load_address>
         <run_address>0x2aec</run_address>
         <size>0x84</size>
         <input_file_ref idref="fl-10"/>
      </object_component>
      <object_component id="oc-2bd">
         <name>.text:Interrupt_enableInterrupt</name>
         <load_address>0x2b70</load_address>
         <run_address>0x2b70</run_address>
         <size>0x80</size>
         <input_file_ref idref="fl-11"/>
      </object_component>
      <object_component id="oc-289">
         <name>.text:dopen</name>
         <load_address>0x2bf0</load_address>
         <run_address>0x2bf0</run_address>
         <size>0x80</size>
         <input_file_ref idref="fl-3"/>
      </object_component>
      <object_component id="oc-94">
         <name>.text</name>
         <load_address>0x2c70</load_address>
         <run_address>0x2c70</run_address>
         <size>0x7a</size>
         <input_file_ref idref="fl-d8"/>
      </object_component>
      <object_component id="oc-175">
         <name>.text:set_BILED</name>
         <load_address>0x2cec</load_address>
         <run_address>0x2cec</run_address>
         <size>0x78</size>
         <input_file_ref idref="fl-2"/>
      </object_component>
      <object_component id="oc-399">
         <name>.text:__TI_closefile</name>
         <load_address>0x2d64</load_address>
         <run_address>0x2d64</run_address>
         <size>0x74</size>
         <input_file_ref idref="fl-f2"/>
      </object_component>
      <object_component id="oc-5da">
         <name>.text:split</name>
         <load_address>0x2dd8</load_address>
         <run_address>0x2dd8</run_address>
         <size>0x70</size>
         <input_file_ref idref="fl-e5"/>
      </object_component>
      <object_component id="oc-45a">
         <name>.text:_mcpy</name>
         <load_address>0x2e48</load_address>
         <run_address>0x2e48</run_address>
         <size>0x6e</size>
         <input_file_ref idref="fl-cb"/>
      </object_component>
      <object_component id="oc-4f9">
         <name>.text:HOSTrename</name>
         <load_address>0x2eb8</load_address>
         <run_address>0x2eb8</run_address>
         <size>0x6c</size>
         <input_file_ref idref="fl-101"/>
      </object_component>
      <object_component id="oc-4ed">
         <name>.text:HOSTlseek</name>
         <load_address>0x2f24</load_address>
         <run_address>0x2f24</run_address>
         <size>0x68</size>
         <input_file_ref idref="fl-fe"/>
      </object_component>
      <object_component id="oc-1b8">
         <name>.text:Timer_A_configureUpMode</name>
         <load_address>0x2f8c</load_address>
         <run_address>0x2f8c</run_address>
         <size>0x68</size>
         <input_file_ref idref="fl-12"/>
      </object_component>
      <object_component id="oc-17">
         <name>.text:decompress:lzss:__TI_decompress_lzss</name>
         <load_address>0x2ff4</load_address>
         <run_address>0x2ff4</run_address>
         <size>0x68</size>
         <input_file_ref idref="fl-dc"/>
      </object_component>
      <object_component id="oc-fb">
         <name>.text:printf</name>
         <load_address>0x305c</load_address>
         <run_address>0x305c</run_address>
         <size>0x68</size>
         <input_file_ref idref="fl-ca"/>
      </object_component>
      <object_component id="oc-46f">
         <name>.text:frexp</name>
         <load_address>0x30c4</load_address>
         <run_address>0x30c4</run_address>
         <size>0x64</size>
         <input_file_ref idref="fl-f0"/>
      </object_component>
      <object_component id="oc-583">
         <name>.text:fseek</name>
         <load_address>0x3128</load_address>
         <run_address>0x3128</run_address>
         <size>0x64</size>
         <input_file_ref idref="fl-f4"/>
      </object_component>
      <object_component id="oc-4a3">
         <name>.text:__TI_wrt_ok</name>
         <load_address>0x318c</load_address>
         <run_address>0x318c</run_address>
         <size>0x62</size>
         <input_file_ref idref="fl-cf"/>
      </object_component>
      <object_component id="oc-4d5">
         <name>.text:HOSTopen</name>
         <load_address>0x31f0</load_address>
         <run_address>0x31f0</run_address>
         <size>0x60</size>
         <input_file_ref idref="fl-ff"/>
      </object_component>
      <object_component id="oc-2b7">
         <name>.text:Interrupt_registerInterrupt</name>
         <load_address>0x3250</load_address>
         <run_address>0x3250</run_address>
         <size>0x5c</size>
         <input_file_ref idref="fl-11"/>
      </object_component>
      <object_component id="oc-509">
         <name>.text:close</name>
         <load_address>0x32ac</load_address>
         <run_address>0x32ac</run_address>
         <size>0x5c</size>
         <input_file_ref idref="fl-107"/>
      </object_component>
      <object_component id="oc-181">
         <name>.text:GPIO_setAsInputPinWithPullUpResistor</name>
         <load_address>0x3308</load_address>
         <run_address>0x3308</run_address>
         <size>0x58</size>
         <input_file_ref idref="fl-10"/>
      </object_component>
      <object_component id="oc-4e1">
         <name>.text:HOSTread</name>
         <load_address>0x3360</load_address>
         <run_address>0x3360</run_address>
         <size>0x58</size>
         <input_file_ref idref="fl-100"/>
      </object_component>
      <object_component id="oc-4e7">
         <name>.text:HOSTwrite</name>
         <load_address>0x33b8</load_address>
         <run_address>0x33b8</run_address>
         <size>0x58</size>
         <input_file_ref idref="fl-103"/>
      </object_component>
      <object_component id="oc-1b1">
         <name>.text:pb_interrupt</name>
         <load_address>0x3410</load_address>
         <run_address>0x3410</run_address>
         <size>0x58</size>
         <input_file_ref idref="fl-2"/>
      </object_component>
      <object_component id="oc-323">
         <name>.text:_pconv_f</name>
         <load_address>0x3468</load_address>
         <run_address>0x3468</run_address>
         <size>0x56</size>
         <input_file_ref idref="fl-cb"/>
      </object_component>
      <object_component id="oc-e9">
         <name>.text:Timers_Init</name>
         <load_address>0x34c0</load_address>
         <run_address>0x34c0</run_address>
         <size>0x54</size>
         <input_file_ref idref="fl-2"/>
      </object_component>
      <object_component id="oc-444">
         <name>.text:__TI_ltoa</name>
         <load_address>0x3514</load_address>
         <run_address>0x3514</run_address>
         <size>0x54</size>
         <input_file_ref idref="fl-df"/>
      </object_component>
      <object_component id="oc-26b">
         <name>.text:dread</name>
         <load_address>0x3568</load_address>
         <run_address>0x3568</run_address>
         <size>0x54</size>
         <input_file_ref idref="fl-3"/>
      </object_component>
      <object_component id="oc-454">
         <name>.text:_ecpy</name>
         <load_address>0x35bc</load_address>
         <run_address>0x35bc</run_address>
         <size>0x52</size>
         <input_file_ref idref="fl-cb"/>
      </object_component>
      <object_component id="oc-17b">
         <name>.text:GPIO_setAsInputPin</name>
         <load_address>0x3610</load_address>
         <run_address>0x3610</run_address>
         <size>0x4c</size>
         <input_file_ref idref="fl-10"/>
      </object_component>
      <object_component id="oc-4af">
         <name>.text:__TI_doflush</name>
         <load_address>0x365c</load_address>
         <run_address>0x365c</run_address>
         <size>0x4c</size>
         <input_file_ref idref="fl-f3"/>
      </object_component>
      <object_component id="oc-30c">
         <name>.text:atoi</name>
         <load_address>0x36a8</load_address>
         <run_address>0x36a8</run_address>
         <size>0x4c</size>
         <input_file_ref idref="fl-e0"/>
      </object_component>
      <object_component id="oc-f5">
         <name>.text:Pattern_Init</name>
         <load_address>0x36f4</load_address>
         <run_address>0x36f4</run_address>
         <size>0x48</size>
         <input_file_ref idref="fl-2"/>
      </object_component>
      <object_component id="oc-271">
         <name>.text:dwrite</name>
         <load_address>0x373c</load_address>
         <run_address>0x373c</run_address>
         <size>0x48</size>
         <input_file_ref idref="fl-3"/>
      </object_component>
      <object_component id="oc-124">
         <name>.text:exit</name>
         <load_address>0x3784</load_address>
         <run_address>0x3784</run_address>
         <size>0x48</size>
         <input_file_ref idref="fl-dd"/>
      </object_component>
      <object_component id="oc-43f">
         <name>.text</name>
         <load_address>0x37cc</load_address>
         <run_address>0x37cc</run_address>
         <size>0x48</size>
         <input_file_ref idref="fl-d5"/>
      </object_component>
      <object_component id="oc-4db">
         <name>.text:HOSTclose</name>
         <load_address>0x3814</load_address>
         <run_address>0x3814</run_address>
         <size>0x44</size>
         <input_file_ref idref="fl-fd"/>
      </object_component>
      <object_component id="oc-4f3">
         <name>.text:HOSTunlink</name>
         <load_address>0x3858</load_address>
         <run_address>0x3858</run_address>
         <size>0x44</size>
         <input_file_ref idref="fl-102"/>
      </object_component>
      <object_component id="oc-12a">
         <name>.text:__TI_auto_init_nobinit_nopinit:__TI_auto_init_nobinit_nopinit</name>
         <load_address>0x389c</load_address>
         <run_address>0x389c</run_address>
         <size>0x44</size>
         <input_file_ref idref="fl-f7"/>
      </object_component>
      <object_component id="oc-5c8">
         <name>.text:getdevice</name>
         <load_address>0x38e0</load_address>
         <run_address>0x38e0</run_address>
         <size>0x44</size>
         <input_file_ref idref="fl-f5"/>
      </object_component>
      <object_component id="oc-101">
         <name>.text:test_buttons_state</name>
         <load_address>0x3924</load_address>
         <run_address>0x3924</run_address>
         <size>0x44</size>
         <input_file_ref idref="fl-2"/>
      </object_component>
      <object_component id="oc-107">
         <name>.text:wait_seconds</name>
         <load_address>0x3968</load_address>
         <run_address>0x3968</run_address>
         <size>0x44</size>
         <input_file_ref idref="fl-2"/>
      </object_component>
      <object_component id="oc-169">
         <name>.text:GPIO_setAsOutputPin</name>
         <load_address>0x39ac</load_address>
         <run_address>0x39ac</run_address>
         <size>0x40</size>
         <input_file_ref idref="fl-10"/>
      </object_component>
      <object_component id="oc-467">
         <name>.text:_fcpy</name>
         <load_address>0x39ec</load_address>
         <run_address>0x39ec</run_address>
         <size>0x3e</size>
         <input_file_ref idref="fl-cb"/>
      </object_component>
      <object_component id="oc-18d">
         <name>.text:GPIO_interruptEdgeSelect</name>
         <load_address>0x3a2c</load_address>
         <run_address>0x3a2c</run_address>
         <size>0x3c</size>
         <input_file_ref idref="fl-10"/>
      </object_component>
      <object_component id="oc-59d">
         <name>.text:__TI_writemsg</name>
         <load_address>0x3a68</load_address>
         <run_address>0x3a68</run_address>
         <size>0x38</size>
         <input_file_ref idref="fl-104"/>
      </object_component>
      <object_component id="oc-38d">
         <name>.text:strncpy</name>
         <load_address>0x3aa0</load_address>
         <run_address>0x3aa0</run_address>
         <size>0x36</size>
         <input_file_ref idref="fl-fc"/>
      </object_component>
      <object_component id="oc-3b3">
         <name>.text:__TI_cleanup</name>
         <load_address>0x3ad8</load_address>
         <run_address>0x3ad8</run_address>
         <size>0x34</size>
         <input_file_ref idref="fl-cc"/>
      </object_component>
      <object_component id="oc-5a3">
         <name>.text:__TI_readmsg</name>
         <load_address>0x3b0c</load_address>
         <run_address>0x3b0c</run_address>
         <size>0x34</size>
         <input_file_ref idref="fl-104"/>
      </object_component>
      <object_component id="oc-58">
         <name>.text:_c_int00_noargs:_c_int00_noargs</name>
         <load_address>0x3b40</load_address>
         <run_address>0x3b40</run_address>
         <size>0x34</size>
         <input_file_ref idref="fl-e9"/>
      </object_component>
      <object_component id="oc-25c">
         <name>.text:freopen</name>
         <load_address>0x3b74</load_address>
         <run_address>0x3b74</run_address>
         <size>0x34</size>
         <input_file_ref idref="fl-cc"/>
      </object_component>
      <object_component id="oc-1dd">
         <name>.text:rand</name>
         <load_address>0x3ba8</load_address>
         <run_address>0x3ba8</run_address>
         <size>0x34</size>
         <input_file_ref idref="fl-e6"/>
      </object_component>
      <object_component id="oc-2dc">
         <name>.text:GPIO_getInputPinValue</name>
         <load_address>0x3bdc</load_address>
         <run_address>0x3bdc</run_address>
         <size>0x30</size>
         <input_file_ref idref="fl-10"/>
      </object_component>
      <object_component id="oc-387">
         <name>.text:finddevice</name>
         <load_address>0x3c0c</load_address>
         <run_address>0x3c0c</run_address>
         <size>0x30</size>
         <input_file_ref idref="fl-f5"/>
      </object_component>
      <object_component id="oc-44a">
         <name>.text</name>
         <load_address>0x3c3c</load_address>
         <run_address>0x3c3c</run_address>
         <size>0x2e</size>
         <input_file_ref idref="fl-d6"/>
      </object_component>
      <object_component id="oc-50f">
         <name>.text:unlink</name>
         <load_address>0x3c6c</load_address>
         <run_address>0x3c6c</run_address>
         <size>0x2c</size>
         <input_file_ref idref="fl-10a"/>
      </object_component>
      <object_component id="oc-2d6">
         <name>.text:GPIO_clearInterruptFlag</name>
         <load_address>0x3c98</load_address>
         <run_address>0x3c98</run_address>
         <size>0x28</size>
         <input_file_ref idref="fl-10"/>
      </object_component>
      <object_component id="oc-187">
         <name>.text:GPIO_enableInterrupt</name>
         <load_address>0x3cc0</load_address>
         <run_address>0x3cc0</run_address>
         <size>0x28</size>
         <input_file_ref idref="fl-10"/>
      </object_component>
      <object_component id="oc-2a5">
         <name>.text:GPIO_setOutputHighOnPin</name>
         <load_address>0x3ce8</load_address>
         <run_address>0x3ce8</run_address>
         <size>0x28</size>
         <input_file_ref idref="fl-10"/>
      </object_component>
      <object_component id="oc-2ab">
         <name>.text:GPIO_setOutputLowOnPin</name>
         <load_address>0x3d10</load_address>
         <run_address>0x3d10</run_address>
         <size>0x28</size>
         <input_file_ref idref="fl-10"/>
      </object_component>
      <object_component id="oc-527">
         <name>.text:free_list_insert</name>
         <load_address>0x3d38</load_address>
         <run_address>0x3d38</run_address>
         <size>0x28</size>
         <input_file_ref idref="fl-e5"/>
      </object_component>
      <object_component id="oc-5fd">
         <name>.text:lseek</name>
         <load_address>0x3d60</load_address>
         <run_address>0x3d60</run_address>
         <size>0x28</size>
         <input_file_ref idref="fl-106"/>
      </object_component>
      <object_component id="oc-4b5">
         <name>.text:write</name>
         <load_address>0x3d88</load_address>
         <run_address>0x3d88</run_address>
         <size>0x28</size>
         <input_file_ref idref="fl-ea"/>
      </object_component>
      <object_component id="oc-40d">
         <name>.text:GPIO_getInterruptStatus</name>
         <load_address>0x3db0</load_address>
         <run_address>0x3db0</run_address>
         <size>0x24</size>
         <input_file_ref idref="fl-10"/>
      </object_component>
      <object_component id="oc-193">
         <name>.text:GPIO_registerInterrupt</name>
         <load_address>0x3dd4</load_address>
         <run_address>0x3dd4</run_address>
         <size>0x24</size>
         <input_file_ref idref="fl-10"/>
      </object_component>
      <object_component id="oc-ef">
         <name>.text:srand</name>
         <load_address>0x3df8</load_address>
         <run_address>0x3df8</run_address>
         <size>0x24</size>
         <input_file_ref idref="fl-e6"/>
      </object_component>
      <object_component id="oc-4a9">
         <name>.text:memchr</name>
         <load_address>0x3e1c</load_address>
         <run_address>0x3e1c</run_address>
         <size>0x20</size>
         <input_file_ref idref="fl-e4"/>
      </object_component>
      <object_component id="oc-28f">
         <name>.text:dclose</name>
         <load_address>0x3e3c</load_address>
         <run_address>0x3e3c</run_address>
         <size>0x1c</size>
         <input_file_ref idref="fl-3"/>
      </object_component>
      <object_component id="oc-46">
         <name>.text:decompress:ZI:__TI_zero_init_nomemset:__TI_zero_init_nomemset</name>
         <load_address>0x3e58</load_address>
         <run_address>0x3e58</run_address>
         <size>0x1c</size>
         <input_file_ref idref="fl-da"/>
      </object_component>
      <object_component id="oc-521">
         <name>.text:free_list_remove</name>
         <load_address>0x3e74</load_address>
         <run_address>0x3e74</run_address>
         <size>0x1c</size>
         <input_file_ref idref="fl-e5"/>
      </object_component>
      <object_component id="oc-335">
         <name>.text:memccpy</name>
         <load_address>0x3e90</load_address>
         <run_address>0x3e90</run_address>
         <size>0x1c</size>
         <input_file_ref idref="fl-e3"/>
      </object_component>
      <object_component id="oc-1c8">
         <name>.text:timer50ms_interrupt</name>
         <load_address>0x3eac</load_address>
         <run_address>0x3eac</run_address>
         <size>0x1c</size>
         <input_file_ref idref="fl-2"/>
      </object_component>
      <object_component id="oc-567">
         <name>.text:copysign</name>
         <load_address>0x3ec8</load_address>
         <run_address>0x3ec8</run_address>
         <size>0x1a</size>
         <input_file_ref idref="fl-108"/>
      </object_component>
      <object_component id="oc-213">
         <name>.text:Timer_A_clearTimer</name>
         <load_address>0x3ee4</load_address>
         <run_address>0x3ee4</run_address>
         <size>0x18</size>
         <input_file_ref idref="fl-12"/>
      </object_component>
      <object_component id="oc-4cb">
         <name>.text:strcmp</name>
         <load_address>0x3efc</load_address>
         <run_address>0x3efc</run_address>
         <size>0x18</size>
         <input_file_ref idref="fl-fb"/>
      </object_component>
      <object_component id="oc-2f0">
         <name>.text:Timer_A_clearInterruptFlag</name>
         <load_address>0x3f14</load_address>
         <run_address>0x3f14</run_address>
         <size>0x16</size>
         <input_file_ref idref="fl-12"/>
      </object_component>
      <object_component id="oc-219">
         <name>.text:Timer_A_startCounter</name>
         <load_address>0x3f2a</load_address>
         <run_address>0x3f2a</run_address>
         <size>0x16</size>
         <input_file_ref idref="fl-12"/>
      </object_component>
      <object_component id="oc-47b">
         <name>.text:strchr</name>
         <load_address>0x3f40</load_address>
         <run_address>0x3f40</run_address>
         <size>0x16</size>
         <input_file_ref idref="fl-e7"/>
      </object_component>
      <object_component id="oc-20d">
         <name>.text:Timer_A_stopTimer</name>
         <load_address>0x3f56</load_address>
         <run_address>0x3f56</run_address>
         <size>0x14</size>
         <input_file_ref idref="fl-12"/>
      </object_component>
      <object_component id="oc-5b7">
         <name>.text:strcpy</name>
         <load_address>0x3f6a</load_address>
         <run_address>0x3f6a</run_address>
         <size>0x14</size>
         <input_file_ref idref="fl-109"/>
      </object_component>
      <object_component id="oc-306">
         <name>.text:strlen</name>
         <load_address>0x3f7e</load_address>
         <run_address>0x3f7e</run_address>
         <size>0x14</size>
         <input_file_ref idref="fl-e8"/>
      </object_component>
      <object_component id="oc-277">
         <name>.text:dlseek</name>
         <load_address>0x3f92</load_address>
         <run_address>0x3f92</run_address>
         <size>0x12</size>
         <input_file_ref idref="fl-3"/>
      </object_component>
      <object_component id="oc-33b">
         <name>.text:wcslen</name>
         <load_address>0x3fa4</load_address>
         <run_address>0x3fa4</run_address>
         <size>0x12</size>
         <input_file_ref idref="fl-ef"/>
      </object_component>
      <object_component id="oc-283">
         <name>.text:drename</name>
         <load_address>0x3fb6</load_address>
         <run_address>0x3fb6</run_address>
         <size>0x10</size>
         <input_file_ref idref="fl-3"/>
      </object_component>
      <object_component id="oc-1d">
         <name>.text:decompress:none:__TI_decompress_none</name>
         <load_address>0x3fc6</load_address>
         <run_address>0x3fc6</run_address>
         <size>0xe</size>
         <input_file_ref idref="fl-db"/>
      </object_component>
      <object_component id="oc-27d">
         <name>.text:dunlink</name>
         <load_address>0x3fd4</load_address>
         <run_address>0x3fd4</run_address>
         <size>0xe</size>
         <input_file_ref idref="fl-3"/>
      </object_component>
      <object_component id="oc-6a">
         <name>.text:Reset_Handler</name>
         <load_address>0x3fe2</load_address>
         <run_address>0x3fe2</run_address>
         <size>0xc</size>
         <input_file_ref idref="fl-4"/>
      </object_component>
      <object_component id="oc-dd">
         <name>.text:SysInit</name>
         <load_address>0x3fee</load_address>
         <run_address>0x3fee</run_address>
         <size>0x8</size>
         <input_file_ref idref="fl-3"/>
      </object_component>
      <object_component id="oc-341">
         <name>.text:__aeabi_errno_addr</name>
         <load_address>0x3ff8</load_address>
         <run_address>0x3ff8</run_address>
         <size>0x8</size>
         <input_file_ref idref="fl-ee"/>
      </object_component>
      <object_component id="oc-3ad">
         <name>.text:malloc</name>
         <load_address>0x4000</load_address>
         <run_address>0x4000</run_address>
         <size>0x8</size>
         <input_file_ref idref="fl-e5"/>
      </object_component>
      <object_component id="oc-1f9">
         <name>.text:_outc</name>
         <load_address>0x4008</load_address>
         <run_address>0x4008</run_address>
         <size>0x4</size>
         <input_file_ref idref="fl-ca"/>
      </object_component>
      <object_component id="oc-1f3">
         <name>.text:_outs</name>
         <load_address>0x400c</load_address>
         <run_address>0x400c</run_address>
         <size>0x4</size>
         <input_file_ref idref="fl-ca"/>
      </object_component>
      <object_component id="oc-9a">
         <name>.text:_system_pre_init</name>
         <load_address>0x4010</load_address>
         <run_address>0x4010</run_address>
         <size>0x4</size>
         <input_file_ref idref="fl-f8"/>
      </object_component>
      <object_component id="oc-11e">
         <name>.text:abort:abort</name>
         <load_address>0x4014</load_address>
         <run_address>0x4014</run_address>
         <size>0x4</size>
         <input_file_ref idref="fl-dd"/>
      </object_component>
      <object_component id="oc-424">
         <name>.const:.string:_ctypes_</name>
         <load_address>0x4018</load_address>
         <run_address>0x4018</run_address>
         <size>0x101</size>
         <input_file_ref idref="fl-e1"/>
      </object_component>
      <object_component id="oc-297">
         <name>.const:GPIO_PORT_TO_BASE</name>
         <load_address>0x411c</load_address>
         <run_address>0x411c</run_address>
         <size>0x30</size>
         <input_file_ref idref="fl-10"/>
      </object_component>
      <object_component id="oc-3d7">
         <name>.const:$P$T1$2</name>
         <load_address>0x414c</load_address>
         <run_address>0x414c</run_address>
         <size>0x28</size>
         <input_file_ref idref="fl-3"/>
      </object_component>
      <object_component id="oc-2c3">
         <name>.const:GPIO_PORT_TO_INT</name>
         <load_address>0x4174</load_address>
         <run_address>0x4174</run_address>
         <size>0x1c</size>
         <input_file_ref idref="fl-10"/>
      </object_component>
      <object_component id="oc-1c4">
         <name>.const:$P$T1$1</name>
         <load_address>0x4190</load_address>
         <run_address>0x4190</run_address>
         <size>0x18</size>
         <input_file_ref idref="fl-2"/>
      </object_component>
      <object_component id="oc-3f6">
         <name>.const:g_pulEnRegs</name>
         <load_address>0x41a8</load_address>
         <run_address>0x41a8</run_address>
         <size>0x8</size>
         <input_file_ref idref="fl-11"/>
      </object_component>
      <object_component id="oc-268">
         <name>.const:.string:$P$T0$1</name>
         <load_address>0x41b0</load_address>
         <run_address>0x41b0</run_address>
         <size>0x5</size>
         <input_file_ref idref="fl-3"/>
      </object_component>
      <object_component id="oc-66d">
         <name>.cinit..data.load</name>
         <load_address>0x41b8</load_address>
         <run_address>0x41b8</run_address>
         <size>0x7e</size>
      </object_component>
      <object_component id="oc-66a">
         <name>__TI_handler_table</name>
         <load_address>0x4238</load_address>
         <run_address>0x4238</run_address>
         <size>0xc</size>
      </object_component>
      <object_component id="oc-66e">
         <name>.cinit..bss.load</name>
         <load_address>0x4248</load_address>
         <run_address>0x4248</run_address>
         <size>0x8</size>
      </object_component>
      <object_component id="oc-66c">
         <name>.cinit..vtable.load</name>
         <load_address>0x4250</load_address>
         <run_address>0x4250</run_address>
         <size>0x8</size>
      </object_component>
      <object_component id="oc-66b">
         <name>__TI_cinit_table</name>
         <load_address>0x4258</load_address>
         <run_address>0x4258</run_address>
         <size>0x18</size>
      </object_component>
      <object_component id="oc-63e">
         <name>.binit</name>
         <load_address>0x0</load_address>
         <run_address>0x0</run_address>
         <size>0x0</size>
      </object_component>
      <object_component id="oc-3f1">
         <name>.vtable</name>
         <uninitialized>true</uninitialized>
         <run_address>0x20000000</run_address>
         <size>0xe8</size>
         <input_file_ref idref="fl-11"/>
      </object_component>
      <object_component id="oc-113">
         <name>.data</name>
         <load_address>0x200006d2</load_address>
         <run_address>0x200006d2</run_address>
         <size>0x4</size>
         <input_file_ref idref="fl-2"/>
      </object_component>
      <object_component id="oc-199">
         <name>.data:RGB_LED_PINS</name>
         <load_address>0x200006e8</load_address>
         <run_address>0x200006e8</run_address>
         <size>0x3</size>
         <input_file_ref idref="fl-2"/>
      </object_component>
      <object_component id="oc-19c">
         <name>.data:BILED_PINS</name>
         <load_address>0x200006d6</load_address>
         <run_address>0x200006d6</run_address>
         <size>0x2</size>
         <input_file_ref idref="fl-2"/>
      </object_component>
      <object_component id="oc-19f">
         <name>.data:PB_PORT_PIN</name>
         <load_address>0x200006eb</load_address>
         <run_address>0x200006eb</run_address>
         <size>0x2</size>
         <input_file_ref idref="fl-2"/>
      </object_component>
      <object_component id="oc-1a2">
         <name>.data:BMP_PINS</name>
         <load_address>0x200006cc</load_address>
         <run_address>0x200006cc</run_address>
         <size>0x6</size>
         <input_file_ref idref="fl-2"/>
      </object_component>
      <object_component id="oc-23a">
         <name>.data:$O1$$</name>
         <load_address>0x200006b0</load_address>
         <run_address>0x200006b0</run_address>
         <size>0xc</size>
         <input_file_ref idref="fl-dd"/>
      </object_component>
      <object_component id="oc-1d5">
         <name>.data:$O1$$</name>
         <load_address>0x200006bc</load_address>
         <run_address>0x200006bc</run_address>
         <size>0x8</size>
         <input_file_ref idref="fl-de"/>
      </object_component>
      <object_component id="oc-1f0">
         <name>.data:_ftable</name>
         <load_address>0x200004e8</load_address>
         <run_address>0x200004e8</run_address>
         <size>0xf0</size>
         <input_file_ref idref="fl-e2"/>
      </object_component>
      <object_component id="oc-535">
         <name>.data</name>
         <load_address>0x200006a0</load_address>
         <run_address>0x200006a0</run_address>
         <size>0x10</size>
         <input_file_ref idref="fl-e2"/>
      </object_component>
      <object_component id="oc-5d5">
         <name>.data:$O1$$</name>
         <load_address>0x200006c4</load_address>
         <run_address>0x200006c4</run_address>
         <size>0x8</size>
         <input_file_ref idref="fl-e5"/>
      </object_component>
      <object_component id="oc-1d8">
         <name>.data</name>
         <load_address>0x200006e4</load_address>
         <run_address>0x200006e4</run_address>
         <size>0x4</size>
         <input_file_ref idref="fl-e6"/>
      </object_component>
      <object_component id="oc-394">
         <name>.data:_device</name>
         <load_address>0x200005d8</load_address>
         <run_address>0x200005d8</run_address>
         <size>0x78</size>
         <input_file_ref idref="fl-eb"/>
      </object_component>
      <object_component id="oc-58e">
         <name>.data:_stream</name>
         <load_address>0x20000650</load_address>
         <run_address>0x20000650</run_address>
         <size>0x50</size>
         <input_file_ref idref="fl-eb"/>
      </object_component>
      <object_component id="oc-5d2">
         <name>.data</name>
         <load_address>0x200006e0</load_address>
         <run_address>0x200006e0</run_address>
         <size>0x4</size>
         <input_file_ref idref="fl-ec"/>
      </object_component>
      <object_component id="oc-393">
         <name>.data</name>
         <load_address>0x200006d8</load_address>
         <run_address>0x200006d8</run_address>
         <size>0x4</size>
         <input_file_ref idref="fl-ed"/>
      </object_component>
      <object_component id="oc-48b">
         <name>.data</name>
         <load_address>0x200006dc</load_address>
         <run_address>0x200006dc</run_address>
         <size>0x4</size>
         <input_file_ref idref="fl-ee"/>
      </object_component>
      <object_component id="oc-60f">
         <name>.bss:_CIOBUF_</name>
         <uninitialized>true</uninitialized>
         <run_address>0x200006f0</run_address>
         <size>0x120</size>
         <input_file_ref idref="fl-104"/>
      </object_component>
      <object_component id="oc-1ce">
         <name>.common:count_50ms</name>
         <uninitialized>true</uninitialized>
         <run_address>0x200008d9</run_address>
         <size>0x1</size>
      </object_component>
      <object_component id="oc-1c7">
         <name>.common:timerConfig50ms</name>
         <uninitialized>true</uninitialized>
         <run_address>0x200008b0</run_address>
         <size>0x18</size>
      </object_component>
      <object_component id="oc-116">
         <name>.common:pb_pressed</name>
         <uninitialized>true</uninitialized>
         <run_address>0x200008da</run_address>
         <size>0x1</size>
      </object_component>
      <object_component id="oc-119">
         <name>.common:bmp_pressed</name>
         <uninitialized>true</uninitialized>
         <run_address>0x200008d8</run_address>
         <size>0x1</size>
      </object_component>
      <object_component id="oc-11a">
         <name>.common:state</name>
         <uninitialized>true</uninitialized>
         <run_address>0x200008dd</run_address>
         <size>0x1</size>
      </object_component>
      <object_component id="oc-11b">
         <name>.common:reminders_left</name>
         <uninitialized>true</uninitialized>
         <run_address>0x200008db</run_address>
         <size>0x1</size>
      </object_component>
      <object_component id="oc-11c">
         <name>.common:removed_patterns</name>
         <uninitialized>true</uninitialized>
         <run_address>0x200008dc</run_address>
         <size>0x1</size>
      </object_component>
      <object_component id="oc-1e3">
         <name>.common:color_pattern</name>
         <uninitialized>true</uninitialized>
         <run_address>0x200008c8</run_address>
         <size>0x8</size>
      </object_component>
      <object_component id="oc-515">
         <name>.common:__TI_tmpnams</name>
         <uninitialized>true</uninitialized>
         <run_address>0x20000810</run_address>
         <size>0xa0</size>
      </object_component>
      <object_component id="oc-5a9">
         <name>.common:parmbuf</name>
         <uninitialized>true</uninitialized>
         <run_address>0x200008d0</run_address>
         <size>0x8</size>
      </object_component>
      <object_component id="oc-29">
         <name>.sysmem</name>
         <uninitialized>true</uninitialized>
         <run_address>0x200000e8</run_address>
         <size>0x10</size>
         <input_file_ref idref="fl-e5"/>
      </object_component>
      <object_component id="oc-671">
         <name>.sysmem</name>
         <uninitialized>true</uninitialized>
         <run_address>0x200000e8</run_address>
         <size>0x0</size>
      </object_component>
      <object_component id="oc-2c">
         <name>.stack</name>
         <uninitialized>true</uninitialized>
         <run_address>0x2000fc00</run_address>
         <size>0x4</size>
         <input_file_ref idref="fl-e9"/>
      </object_component>
      <object_component id="oc-670">
         <name>.stack</name>
         <uninitialized>true</uninitialized>
         <run_address>0x2000fc00</run_address>
         <size>0x0</size>
      </object_component>
      <object_component id="oc-117">
         <name>.debug_info</name>
         <load_address>0x0</load_address>
         <run_address>0x0</run_address>
         <size>0xbe3</size>
         <input_file_ref idref="fl-2"/>
      </object_component>
      <object_component id="oc-114">
         <name>.debug_info</name>
         <load_address>0xbe3</load_address>
         <run_address>0xbe3</run_address>
         <size>0x154</size>
         <input_file_ref idref="fl-2"/>
      </object_component>
      <object_component id="oc-19a">
         <name>.debug_info</name>
         <load_address>0xd37</load_address>
         <run_address>0xd37</run_address>
         <size>0xf5</size>
         <input_file_ref idref="fl-2"/>
      </object_component>
      <object_component id="oc-19d">
         <name>.debug_info</name>
         <load_address>0xe2c</load_address>
         <run_address>0xe2c</run_address>
         <size>0xf1</size>
         <input_file_ref idref="fl-2"/>
      </object_component>
      <object_component id="oc-1a0">
         <name>.debug_info</name>
         <load_address>0xf1d</load_address>
         <run_address>0xf1d</run_address>
         <size>0xf3</size>
         <input_file_ref idref="fl-2"/>
      </object_component>
      <object_component id="oc-1a3">
         <name>.debug_info</name>
         <load_address>0x1010</load_address>
         <run_address>0x1010</run_address>
         <size>0xed</size>
         <input_file_ref idref="fl-2"/>
      </object_component>
      <object_component id="oc-1c5">
         <name>.debug_info</name>
         <load_address>0x10fd</load_address>
         <run_address>0x10fd</run_address>
         <size>0xea</size>
         <input_file_ref idref="fl-2"/>
      </object_component>
      <object_component id="oc-a1">
         <name>.debug_info</name>
         <load_address>0x11e7</load_address>
         <run_address>0x11e7</run_address>
         <size>0x1ad</size>
         <input_file_ref idref="fl-2"/>
      </object_component>
      <object_component id="oc-e4">
         <name>.debug_info</name>
         <load_address>0x1394</load_address>
         <run_address>0x1394</run_address>
         <size>0x27e</size>
         <input_file_ref idref="fl-2"/>
      </object_component>
      <object_component id="oc-ea">
         <name>.debug_info</name>
         <load_address>0x1612</load_address>
         <run_address>0x1612</run_address>
         <size>0x16f</size>
         <input_file_ref idref="fl-2"/>
      </object_component>
      <object_component id="oc-f6">
         <name>.debug_info</name>
         <load_address>0x1781</load_address>
         <run_address>0x1781</run_address>
         <size>0x136</size>
         <input_file_ref idref="fl-2"/>
      </object_component>
      <object_component id="oc-108">
         <name>.debug_info</name>
         <load_address>0x18b7</load_address>
         <run_address>0x18b7</run_address>
         <size>0x1b2</size>
         <input_file_ref idref="fl-2"/>
      </object_component>
      <object_component id="oc-170">
         <name>.debug_info</name>
         <load_address>0x1a69</load_address>
         <run_address>0x1a69</run_address>
         <size>0x3ae</size>
         <input_file_ref idref="fl-2"/>
      </object_component>
      <object_component id="oc-207">
         <name>.debug_info</name>
         <load_address>0x1e17</load_address>
         <run_address>0x1e17</run_address>
         <size>0x252</size>
         <input_file_ref idref="fl-2"/>
      </object_component>
      <object_component id="oc-176">
         <name>.debug_info</name>
         <load_address>0x2069</load_address>
         <run_address>0x2069</run_address>
         <size>0x1f3</size>
         <input_file_ref idref="fl-2"/>
      </object_component>
      <object_component id="oc-10e">
         <name>.debug_info</name>
         <load_address>0x225c</load_address>
         <run_address>0x225c</run_address>
         <size>0x1ec</size>
         <input_file_ref idref="fl-2"/>
      </object_component>
      <object_component id="oc-102">
         <name>.debug_info</name>
         <load_address>0x2448</load_address>
         <run_address>0x2448</run_address>
         <size>0x154</size>
         <input_file_ref idref="fl-2"/>
      </object_component>
      <object_component id="oc-1c9">
         <name>.debug_info</name>
         <load_address>0x259c</load_address>
         <run_address>0x259c</run_address>
         <size>0x151</size>
         <input_file_ref idref="fl-2"/>
      </object_component>
      <object_component id="oc-1a6">
         <name>.debug_info</name>
         <load_address>0x26ed</load_address>
         <run_address>0x26ed</run_address>
         <size>0x203</size>
         <input_file_ref idref="fl-2"/>
      </object_component>
      <object_component id="oc-1ac">
         <name>.debug_info</name>
         <load_address>0x28f0</load_address>
         <run_address>0x28f0</run_address>
         <size>0x1af</size>
         <input_file_ref idref="fl-2"/>
      </object_component>
      <object_component id="oc-1b2">
         <name>.debug_info</name>
         <load_address>0x2a9f</load_address>
         <run_address>0x2a9f</run_address>
         <size>0x1a1</size>
         <input_file_ref idref="fl-2"/>
      </object_component>
      <object_component id="oc-bc">
         <name>.debug_info</name>
         <load_address>0x2c40</load_address>
         <run_address>0x2c40</run_address>
         <size>0x26b</size>
         <input_file_ref idref="fl-2"/>
      </object_component>
      <object_component id="oc-22a">
         <name>.debug_info</name>
         <load_address>0x2eab</load_address>
         <run_address>0x2eab</run_address>
         <size>0x1028</size>
         <input_file_ref idref="fl-2"/>
      </object_component>
      <object_component id="oc-225">
         <name>.debug_info</name>
         <load_address>0x3ed3</load_address>
         <run_address>0x3ed3</run_address>
         <size>0x37e2</size>
         <input_file_ref idref="fl-2"/>
      </object_component>
      <object_component id="oc-22f">
         <name>.debug_info</name>
         <load_address>0x76b5</load_address>
         <run_address>0x76b5</run_address>
         <size>0xaf</size>
         <input_file_ref idref="fl-2"/>
      </object_component>
      <object_component id="oc-1d0">
         <name>.debug_info</name>
         <load_address>0x7764</load_address>
         <run_address>0x7764</run_address>
         <size>0x341</size>
         <input_file_ref idref="fl-2"/>
      </object_component>
      <object_component id="oc-35">
         <name>.debug_info</name>
         <load_address>0x7aa5</load_address>
         <run_address>0x7aa5</run_address>
         <size>0x84</size>
         <input_file_ref idref="fl-2"/>
      </object_component>
      <object_component id="oc-15d">
         <name>.debug_info</name>
         <load_address>0x7b29</load_address>
         <run_address>0x7b29</run_address>
         <size>0x2a4</size>
         <input_file_ref idref="fl-2"/>
      </object_component>
      <object_component id="oc-234">
         <name>.debug_info</name>
         <load_address>0x7dcd</load_address>
         <run_address>0x7dcd</run_address>
         <size>0xef</size>
         <input_file_ref idref="fl-2"/>
      </object_component>
      <object_component id="oc-1e5">
         <name>.debug_info</name>
         <load_address>0x7ebc</load_address>
         <run_address>0x7ebc</run_address>
         <size>0xbb</size>
         <input_file_ref idref="fl-2"/>
      </object_component>
      <object_component id="oc-3e3">
         <name>.debug_info</name>
         <load_address>0x7f77</load_address>
         <run_address>0x7f77</run_address>
         <size>0xcc</size>
         <input_file_ref idref="fl-2"/>
      </object_component>
      <object_component id="oc-3ca">
         <name>.debug_info</name>
         <load_address>0x8043</load_address>
         <run_address>0x8043</run_address>
         <size>0x2c</size>
         <input_file_ref idref="fl-2"/>
      </object_component>
      <object_component id="oc-201">
         <name>.debug_info</name>
         <load_address>0x806f</load_address>
         <run_address>0x806f</run_address>
         <size>0x2c</size>
         <input_file_ref idref="fl-2"/>
      </object_component>
      <object_component id="oc-3db">
         <name>.debug_info</name>
         <load_address>0x809b</load_address>
         <run_address>0x809b</run_address>
         <size>0x102</size>
         <input_file_ref idref="fl-2"/>
      </object_component>
      <object_component id="oc-296">
         <name>.debug_info</name>
         <load_address>0x819d</load_address>
         <run_address>0x819d</run_address>
         <size>0x78c</size>
         <input_file_ref idref="fl-3"/>
      </object_component>
      <object_component id="oc-269">
         <name>.debug_info</name>
         <load_address>0x8929</load_address>
         <run_address>0x8929</run_address>
         <size>0xf9</size>
         <input_file_ref idref="fl-3"/>
      </object_component>
      <object_component id="oc-3d8">
         <name>.debug_info</name>
         <load_address>0x8a22</load_address>
         <run_address>0x8a22</run_address>
         <size>0xf9</size>
         <input_file_ref idref="fl-3"/>
      </object_component>
      <object_component id="oc-de">
         <name>.debug_info</name>
         <load_address>0x8b1b</load_address>
         <run_address>0x8b1b</run_address>
         <size>0x156</size>
         <input_file_ref idref="fl-3"/>
      </object_component>
      <object_component id="oc-163">
         <name>.debug_info</name>
         <load_address>0x8c71</load_address>
         <run_address>0x8c71</run_address>
         <size>0x1a7</size>
         <input_file_ref idref="fl-3"/>
      </object_component>
      <object_component id="oc-28a">
         <name>.debug_info</name>
         <load_address>0x8e18</load_address>
         <run_address>0x8e18</run_address>
         <size>0x1ed</size>
         <input_file_ref idref="fl-3"/>
      </object_component>
      <object_component id="oc-290">
         <name>.debug_info</name>
         <load_address>0x9005</load_address>
         <run_address>0x9005</run_address>
         <size>0x176</size>
         <input_file_ref idref="fl-3"/>
      </object_component>
      <object_component id="oc-26c">
         <name>.debug_info</name>
         <load_address>0x917b</load_address>
         <run_address>0x917b</run_address>
         <size>0x1c6</size>
         <input_file_ref idref="fl-3"/>
      </object_component>
      <object_component id="oc-272">
         <name>.debug_info</name>
         <load_address>0x9341</load_address>
         <run_address>0x9341</run_address>
         <size>0x1c8</size>
         <input_file_ref idref="fl-3"/>
      </object_component>
      <object_component id="oc-278">
         <name>.debug_info</name>
         <load_address>0x9509</load_address>
         <run_address>0x9509</run_address>
         <size>0x1c5</size>
         <input_file_ref idref="fl-3"/>
      </object_component>
      <object_component id="oc-27e">
         <name>.debug_info</name>
         <load_address>0x96ce</load_address>
         <run_address>0x96ce</run_address>
         <size>0x169</size>
         <input_file_ref idref="fl-3"/>
      </object_component>
      <object_component id="oc-284">
         <name>.debug_info</name>
         <load_address>0x9837</load_address>
         <run_address>0x9837</run_address>
         <size>0x1ac</size>
         <input_file_ref idref="fl-3"/>
      </object_component>
      <object_component id="oc-3c3">
         <name>.debug_info</name>
         <load_address>0x99e3</load_address>
         <run_address>0x99e3</run_address>
         <size>0x8b</size>
         <input_file_ref idref="fl-3"/>
      </object_component>
      <object_component id="oc-78">
         <name>.debug_info</name>
         <load_address>0x9a6e</load_address>
         <run_address>0x9a6e</run_address>
         <size>0x2e8</size>
         <input_file_ref idref="fl-4"/>
      </object_component>
      <object_component id="oc-27">
         <name>.debug_info</name>
         <load_address>0x9d56</load_address>
         <run_address>0x9d56</run_address>
         <size>0x114</size>
         <input_file_ref idref="fl-4"/>
      </object_component>
      <object_component id="oc-6d">
         <name>.debug_info</name>
         <load_address>0x9e6a</load_address>
         <run_address>0x9e6a</run_address>
         <size>0x177</size>
         <input_file_ref idref="fl-4"/>
      </object_component>
      <object_component id="oc-72">
         <name>.debug_info</name>
         <load_address>0x9fe1</load_address>
         <run_address>0x9fe1</run_address>
         <size>0x15f</size>
         <input_file_ref idref="fl-4"/>
      </object_component>
      <object_component id="oc-b3">
         <name>.debug_info</name>
         <load_address>0xa140</load_address>
         <run_address>0xa140</run_address>
         <size>0x154</size>
         <input_file_ref idref="fl-5"/>
      </object_component>
      <object_component id="oc-2c7">
         <name>.debug_info</name>
         <load_address>0xa294</load_address>
         <run_address>0xa294</run_address>
         <size>0x701</size>
         <input_file_ref idref="fl-10"/>
      </object_component>
      <object_component id="oc-2c4">
         <name>.debug_info</name>
         <load_address>0xa995</load_address>
         <run_address>0xa995</run_address>
         <size>0x133</size>
         <input_file_ref idref="fl-10"/>
      </object_component>
      <object_component id="oc-298">
         <name>.debug_info</name>
         <load_address>0xaac8</load_address>
         <run_address>0xaac8</run_address>
         <size>0x135</size>
         <input_file_ref idref="fl-10"/>
      </object_component>
      <object_component id="oc-16b">
         <name>.debug_info</name>
         <load_address>0xabfd</load_address>
         <run_address>0xabfd</run_address>
         <size>0x252</size>
         <input_file_ref idref="fl-10"/>
      </object_component>
      <object_component id="oc-17d">
         <name>.debug_info</name>
         <load_address>0xae4f</load_address>
         <run_address>0xae4f</run_address>
         <size>0x250</size>
         <input_file_ref idref="fl-10"/>
      </object_component>
      <object_component id="oc-2a7">
         <name>.debug_info</name>
         <load_address>0xb09f</load_address>
         <run_address>0xb09f</run_address>
         <size>0x25a</size>
         <input_file_ref idref="fl-10"/>
      </object_component>
      <object_component id="oc-2ad">
         <name>.debug_info</name>
         <load_address>0xb2f9</load_address>
         <run_address>0xb2f9</run_address>
         <size>0x258</size>
         <input_file_ref idref="fl-10"/>
      </object_component>
      <object_component id="oc-183">
         <name>.debug_info</name>
         <load_address>0xb551</load_address>
         <run_address>0xb551</run_address>
         <size>0x274</size>
         <input_file_ref idref="fl-10"/>
      </object_component>
      <object_component id="oc-2de">
         <name>.debug_info</name>
         <load_address>0xb7c5</load_address>
         <run_address>0xb7c5</run_address>
         <size>0x27e</size>
         <input_file_ref idref="fl-10"/>
      </object_component>
      <object_component id="oc-189">
         <name>.debug_info</name>
         <load_address>0xba43</load_address>
         <run_address>0xba43</run_address>
         <size>0x254</size>
         <input_file_ref idref="fl-10"/>
      </object_component>
      <object_component id="oc-40f">
         <name>.debug_info</name>
         <load_address>0xbc97</load_address>
         <run_address>0xbc97</run_address>
         <size>0x25e</size>
         <input_file_ref idref="fl-10"/>
      </object_component>
      <object_component id="oc-2d8">
         <name>.debug_info</name>
[...]
         <value>0x3c3d</value>
         <object_component_ref idref="oc-44a"/>
      </symbol>
      <symbol id="sm-6bc">
         <name>memcpy</name>
         <value>0x2661</value>
         <object_component_ref idref="oc-3a"/>
      </symbol>
      <symbol id="sm-6bd">
         <name>__aeabi_memcpy</name>
         <value>0x2661</value>
         <object_component_ref idref="oc-3a"/>
      </symbol>
      <symbol id="sm-6be">
         <name>__aeabi_memcpy8</name>
         <value>0x2661</value>
         <object_component_ref idref="oc-3a"/>
      </symbol>
      <symbol id="sm-6bf">
         <name>__aeabi_memcpy4</name>
         <value>0x2661</value>
         <object_component_ref idref="oc-3a"/>
      </symbol>
      <symbol id="sm-6ce">
         <name>__aeabi_memset</name>
         <value>0x2c73</value>
         <object_component_ref idref="oc-94"/>
      </symbol>
      <symbol id="sm-6cf">
         <name>memset</name>
         <value>0x2c79</value>
         <object_component_ref idref="oc-94"/>
      </symbol>
      <symbol id="sm-6d0">
         <name>__aeabi_memset8</name>
         <value>0x2c73</value>
         <object_component_ref idref="oc-94"/>
      </symbol>
      <symbol id="sm-6d1">
         <name>__aeabi_memset4</name>
         <value>0x2c73</value>
         <object_component_ref idref="oc-94"/>
      </symbol>
      <symbol id="sm-6d2">
         <name>__aeabi_memclr8</name>
         <value>0x2c71</value>
         <object_component_ref idref="oc-94"/>
      </symbol>
      <symbol id="sm-6d3">
         <name>__aeabi_memclr4</name>
         <value>0x2c71</value>
         <object_component_ref idref="oc-94"/>
      </symbol>
      <symbol id="sm-6d4">
         <name>__aeabi_memclr</name>
         <value>0x2c71</value>
         <object_component_ref idref="oc-94"/>
      </symbol>
      <symbol id="sm-6e1">
         <name>__aeabi_uldivmod</name>
         <value>0x2831</value>
         <object_component_ref idref="oc-429"/>
      </symbol>
      <symbol id="sm-6f5">
         <name>__TI_zero_init_nomemset</name>
         <value>0x3e59</value>
         <object_component_ref idref="oc-46"/>
      </symbol>
      <symbol id="sm-70c">
         <name>__TI_decompress_none</name>
         <value>0x3fc7</value>
         <object_component_ref idref="oc-1d"/>
      </symbol>
      <symbol id="sm-72f">
         <name>__TI_decompress_lzss</name>
         <value>0x2ff5</value>
         <object_component_ref idref="oc-17"/>
      </symbol>
      <symbol id="sm-755">
         <name>C$$EXIT</name>
         <value>0x4015</value>
         <object_component_ref idref="oc-11e"/>
      </symbol>
      <symbol id="sm-756">
         <name>abort</name>
         <value>0x4015</value>
         <object_component_ref idref="oc-11e"/>
      </symbol>
      <symbol id="sm-757">
         <name>__TI_dtors_ptr</name>
         <value>0x200006b4</value>
         <object_component_ref idref="oc-23a"/>
      </symbol>
      <symbol id="sm-758">
         <name>__TI_cleanup_ptr</name>
         <value>0x200006b0</value>
         <object_component_ref idref="oc-23a"/>
      </symbol>
      <symbol id="sm-759">
         <name>__TI_enable_exit_profile_output</name>
         <value>0x200006b8</value>
         <object_component_ref idref="oc-23a"/>
      </symbol>
      <symbol id="sm-75a">
         <name>exit</name>
         <value>0x3785</value>
         <object_component_ref idref="oc-124"/>
      </symbol>
      <symbol id="sm-76f">
         <name>_nop</name>
         <value>0x112b</value>
         <object_component_ref idref="oc-2f7"/>
      </symbol>
      <symbol id="sm-770">
         <name>_lock</name>
         <value>0x200006bc</value>
         <object_component_ref idref="oc-1d5"/>
      </symbol>
      <symbol id="sm-771">
         <name>_unlock</name>
         <value>0x200006c0</value>
         <object_component_ref idref="oc-1d5"/>
      </symbol>
      <symbol id="sm-780">
         <name>__TI_ltoa</name>
         <value>0x3515</value>
         <object_component_ref idref="oc-444"/>
      </symbol>
      <symbol id="sm-796">
         <name>atoi</name>
         <value>0x36a9</value>
         <object_component_ref idref="oc-30c"/>
      </symbol>
      <symbol id="sm-7a1">
         <name>_ctypes_</name>
         <value>0x4018</value>
         <object_component_ref idref="oc-424"/>
      </symbol>
      <symbol id="sm-7b6">
         <name>__TI_tmpnams</name>
         <value>0x20000810</value>
      </symbol>
      <symbol id="sm-7b7">
         <name>__aeabi_stdout</name>
         <value>0x200006a8</value>
         <object_component_ref idref="oc-535"/>
      </symbol>
      <symbol id="sm-7b8">
         <name>__aeabi_stderr</name>
         <value>0x200006ac</value>
         <object_component_ref idref="oc-535"/>
      </symbol>
      <symbol id="sm-7b9">
         <name>__aeabi_stdin</name>
         <value>0x200006a4</value>
         <object_component_ref idref="oc-535"/>
      </symbol>
      <symbol id="sm-7ba">
         <name>_ftable</name>
         <value>0x200004e8</value>
         <object_component_ref idref="oc-1f0"/>
      </symbol>
      <symbol id="sm-7bb">
         <name>__TI_ft_end</name>
         <value>0x200006a0</value>
         <object_component_ref idref="oc-535"/>
      </symbol>
      <symbol id="sm-7cb">
         <name>memccpy</name>
         <value>0x3e91</value>
         <object_component_ref idref="oc-335"/>
      </symbol>
      <symbol id="sm-7db">
         <name>memchr</name>
         <value>0x3e1d</value>
         <object_component_ref idref="oc-4a9"/>
      </symbol>
      <symbol id="sm-85f">
         <name>_sys_memory</name>
         <value>0x200000e8</value>
         <object_component_ref idref="oc-29"/>
      </symbol>
      <symbol id="sm-860">
         <name>free</name>
         <value>0x1ef5</value>
         <object_component_ref idref="oc-3a7"/>
      </symbol>
      <symbol id="sm-861">
         <name>memalign</name>
         <value>0x1cf9</value>
         <object_component_ref idref="oc-52e"/>
      </symbol>
      <symbol id="sm-862">
         <name>malloc</name>
         <value>0x4001</value>
         <object_component_ref idref="oc-3ad"/>
      </symbol>
      <symbol id="sm-863">
         <name>aligned_alloc</name>
         <value>0x1cf9</value>
         <object_component_ref idref="oc-52e"/>
      </symbol>
      <symbol id="sm-888">
         <name>rand</name>
         <value>0x3ba9</value>
         <object_component_ref idref="oc-1dd"/>
      </symbol>
      <symbol id="sm-889">
         <name>srand</name>
         <value>0x3df9</value>
         <object_component_ref idref="oc-ef"/>
      </symbol>
      <symbol id="sm-899">
         <name>strchr</name>
         <value>0x3f41</value>
         <object_component_ref idref="oc-47b"/>
      </symbol>
      <symbol id="sm-8a7">
         <name>strlen</name>
         <value>0x3f7f</value>
         <object_component_ref idref="oc-306"/>
      </symbol>
      <symbol id="sm-8ba">
         <name>__stack</name>
         <value>0x2000fc00</value>
         <object_component_ref idref="oc-2c"/>
      </symbol>
      <symbol id="sm-8bb">
         <name>_c_int00_noargs</name>
         <value>0x3b41</value>
         <object_component_ref idref="oc-58"/>
      </symbol>
      <symbol id="sm-8d0">
         <name>write</name>
         <value>0x3d89</value>
         <object_component_ref idref="oc-4b5"/>
      </symbol>
      <symbol id="sm-8e1">
         <name>_stream</name>
         <value>0x20000650</value>
         <object_component_ref idref="oc-58e"/>
      </symbol>
      <symbol id="sm-8e2">
         <name>_device</name>
         <value>0x200005d8</value>
         <object_component_ref idref="oc-394"/>
      </symbol>
      <symbol id="sm-8ff">
         <name>open</name>
         <value>0x2251</value>
         <object_component_ref idref="oc-518"/>
      </symbol>
      <symbol id="sm-91f">
         <name>add_device</name>
         <value>0x230d</value>
         <object_component_ref idref="oc-256"/>
      </symbol>
      <symbol id="sm-935">
         <name>__aeabi_errno_addr</name>
         <value>0x3ff9</value>
         <object_component_ref idref="oc-341"/>
      </symbol>
      <symbol id="sm-936">
         <name>errno</name>
         <value>0x200006dc</value>
         <object_component_ref idref="oc-48b"/>
      </symbol>
      <symbol id="sm-94f">
         <name>wcslen</name>
         <value>0x3fa5</value>
         <object_component_ref idref="oc-33b"/>
      </symbol>
      <symbol id="sm-96f">
         <name>frexpl</name>
         <value>0x30c5</value>
         <object_component_ref idref="oc-46f"/>
      </symbol>
      <symbol id="sm-970">
         <name>frexp</name>
         <value>0x30c5</value>
         <object_component_ref idref="oc-46f"/>
      </symbol>
      <symbol id="sm-98d">
         <name>scalbn</name>
         <value>0x1be9</value>
         <object_component_ref idref="oc-475"/>
      </symbol>
      <symbol id="sm-98e">
         <name>scalbnl</name>
         <value>0x1be9</value>
         <object_component_ref idref="oc-475"/>
      </symbol>
      <symbol id="sm-98f">
         <name>ldexpl</name>
         <value>0x1be9</value>
         <object_component_ref idref="oc-475"/>
      </symbol>
      <symbol id="sm-990">
         <name>ldexp</name>
         <value>0x1be9</value>
         <object_component_ref idref="oc-475"/>
      </symbol>
      <symbol id="sm-9a5">
         <name>__TI_closefile</name>
         <value>0x2d65</value>
         <object_component_ref idref="oc-399"/>
      </symbol>
      <symbol id="sm-9b5">
         <name>__TI_doflush</name>
         <value>0x365d</value>
         <object_component_ref idref="oc-4af"/>
      </symbol>
      <symbol id="sm-9c7">
         <name>fseek</name>
         <value>0x3129</value>
         <object_component_ref idref="oc-583"/>
      </symbol>
      <symbol id="sm-9e5">
         <name>finddevice</name>
         <value>0x3c0d</value>
         <object_component_ref idref="oc-387"/>
      </symbol>
      <symbol id="sm-9e6">
         <name>getdevice</name>
         <value>0x38e1</value>
         <object_component_ref idref="oc-5c8"/>
      </symbol>
      <symbol id="sm-9f0">
         <name>__aeabi_idiv0</name>
         <value>0x1783</value>
         <object_component_ref idref="oc-54e"/>
      </symbol>
      <symbol id="sm-9f1">
         <name>__aeabi_ldiv0</name>
         <value>0x1783</value>
         <object_component_ref idref="oc-54e"/>
      </symbol>
      <symbol id="sm-a19">
         <name>__TI_auto_init_nobinit_nopinit</name>
         <value>0x389d</value>
         <object_component_ref idref="oc-12a"/>
      </symbol>
      <symbol id="sm-a23">
         <name>_system_pre_init</name>
         <value>0x4011</value>
         <object_component_ref idref="oc-9a"/>
      </symbol>
      <symbol id="sm-a34">
         <name>strcmp</name>
         <value>0x3efd</value>
         <object_component_ref idref="oc-4cb"/>
      </symbol>
      <symbol id="sm-a44">
         <name>strncpy</name>
         <value>0x3aa1</value>
         <object_component_ref idref="oc-38d"/>
      </symbol>
      <symbol id="sm-a55">
         <name>HOSTclose</name>
         <value>0x3815</value>
         <object_component_ref idref="oc-4db"/>
      </symbol>
      <symbol id="sm-a66">
         <name>HOSTlseek</name>
         <value>0x2f25</value>
         <object_component_ref idref="oc-4ed"/>
      </symbol>
      <symbol id="sm-a78">
         <name>parmbuf</name>
         <value>0x200008d0</value>
      </symbol>
      <symbol id="sm-a79">
         <name>HOSTopen</name>
         <value>0x31f1</value>
         <object_component_ref idref="oc-4d5"/>
      </symbol>
      <symbol id="sm-a8a">
         <name>HOSTread</name>
         <value>0x3361</value>
         <object_component_ref idref="oc-4e1"/>
      </symbol>
      <symbol id="sm-a9b">
         <name>HOSTrename</name>
         <value>0x2eb9</value>
         <object_component_ref idref="oc-4f9"/>
      </symbol>
      <symbol id="sm-aac">
         <name>HOSTunlink</name>
         <value>0x3859</value>
         <object_component_ref idref="oc-4f3"/>
      </symbol>
      <symbol id="sm-abd">
         <name>HOSTwrite</name>
         <value>0x33b9</value>
         <object_component_ref idref="oc-4e7"/>
      </symbol>
      <symbol id="sm-ae1">
         <name>__TI_readmsg</name>
         <value>0x3b0d</value>
         <object_component_ref idref="oc-5a3"/>
      </symbol>
      <symbol id="sm-ae2">
         <name>C$$IO$$</name>
         <value>0x3a97</value>
         <object_component_ref idref="oc-59d"/>
      </symbol>
      <symbol id="sm-ae3">
         <name>__CIOBUF_</name>
         <value>0x200006f0</value>
         <object_component_ref idref="oc-60f"/>
      </symbol>
      <symbol id="sm-ae4">
         <name>__TI_writemsg</name>
         <value>0x3a69</value>
         <object_component_ref idref="oc-59d"/>
      </symbol>
      <symbol id="sm-af5">
         <name>lseek</name>
         <value>0x3d61</value>
         <object_component_ref idref="oc-5fd"/>
      </symbol>
      <symbol id="sm-b09">
         <name>close</name>
         <value>0x32ad</value>
         <object_component_ref idref="oc-509"/>
      </symbol>
      <symbol id="sm-b13">
         <name>copysign</name>
         <value>0x3ec9</value>
         <object_component_ref idref="oc-567"/>
      </symbol>
      <symbol id="sm-b14">
         <name>copysignl</name>
         <value>0x3ec9</value>
         <object_component_ref idref="oc-567"/>
      </symbol>
      <symbol id="sm-b22">
         <name>strcpy</name>
         <value>0x3f6b</value>
         <object_component_ref idref="oc-5b7"/>
      </symbol>
      <symbol id="sm-b32">
         <name>unlink</name>
         <value>0x3c6d</value>
         <object_component_ref idref="oc-50f"/>
      </symbol>
      <symbol id="sm-b33">
         <name>__TI_static_base__</name>
         <value>0x0</value>
      </symbol>
      <symbol id="sm-b36">
         <name>__mpu_init</name>
         <value>0x0</value>
      </symbol>
      <symbol id="sm-b37">
         <name>_system_post_cinit</name>
         <value>0x0</value>
      </symbol>
      <symbol id="sm-b38">
         <name>NMI_Handler</name>
         <value>0xb33</value>
      </symbol>
      <symbol id="sm-b39">
         <name>HardFault_Handler</name>
         <value>0xb33</value>
      </symbol>
      <symbol id="sm-b3a">
         <name>MemManage_Handler</name>
         <value>0xb33</value>
      </symbol>
      <symbol id="sm-b3b">
         <name>BusFault_Handler</name>
         <value>0xb33</value>
      </symbol>
      <symbol id="sm-b3c">
         <name>UsageFault_Handler</name>
         <value>0xb33</value>
      </symbol>
      <symbol id="sm-b3d">
         <name>SVC_Handler</name>
         <value>0xb33</value>
      </symbol>
      <symbol id="sm-b3e">
         <name>DebugMon_Handler</name>
         <value>0xb33</value>
      </symbol>
      <symbol id="sm-b3f">
         <name>PendSV_Handler</name>
         <value>0xb33</value>
      </symbol>
      <symbol id="sm-b40">
         <name>SysTick_Handler</name>
         <value>0xb33</value>
      </symbol>
      <symbol id="sm-b41">
         <name>PSS_IRQHandler</name>
         <value>0xb33</value>
      </symbol>
      <symbol id="sm-b42">
         <name>CS_IRQHandler</name>
         <value>0xb33</value>
      </symbol>
      <symbol id="sm-b43">
         <name>PCM_IRQHandler</name>
         <value>0xb33</value>
      </symbol>
      <symbol id="sm-b44">
         <name>WDT_A_IRQHandler</name>
         <value>0xb33</value>
      </symbol>
      <symbol id="sm-b45">
         <name>FPU_IRQHandler</name>
         <value>0xb33</value>
      </symbol>
      <symbol id="sm-b46">
         <name>FLCTL_IRQHandler</name>
         <value>0xb33</value>
      </symbol>
      <symbol id="sm-b47">
         <name>COMP_E0_IRQHandler</name>
         <value>0xb33</value>
      </symbol>
      <symbol id="sm-b48">
         <name>COMP_E1_IRQHandler</name>
         <value>0xb33</value>
      </symbol>
      <symbol id="sm-b49">
         <name>TA0_0_IRQHandler</name>
         <value>0xb33</value>
      </symbol>
      <symbol id="sm-b4a">
         <name>TA0_N_IRQHandler</name>
         <value>0xb33</value>
      </symbol>
      <symbol id="sm-b4b">
         <name>TA1_0_IRQHandler</name>
         <value>0xb33</value>
      </symbol>
      <symbol id="sm-b4c">
         <name>TA1_N_IRQHandler</name>
         <value>0xb33</value>
      </symbol>
      <symbol id="sm-b4d">
         <name>TA2_0_IRQHandler</name>
         <value>0xb33</value>
      </symbol>
      <symbol id="sm-b4e">
         <name>TA2_N_IRQHandler</name>
         <value>0xb33</value>
      </symbol>
      <symbol id="sm-b4f">
         <name>TA3_0_IRQHandler</name>
         <value>0xb33</value>
      </symbol>
      <symbol id="sm-b50">
         <name>TA3_N_IRQHandler</name>
         <value>0xb33</value>
      </symbol>
      <symbol id="sm-b51">
         <name>EUSCIA0_IRQHandler</name>
         <value>0xb33</value>
      </symbol>
      <symbol id="sm-b52">
         <name>EUSCIA1_IRQHandler</name>
         <value>0xb33</value>
      </symbol>
      <symbol id="sm-b53">
         <name>EUSCIA2_IRQHandler</name>
         <value>0xb33</value>
      </symbol>
      <symbol id="sm-b54">
         <name>EUSCIA3_IRQHandler</name>
         <value>0xb33</value>
      </symbol>
      <symbol id="sm-b55">
         <name>EUSCIB0_IRQHandler</name>
         <value>0xb33</value>
      </symbol>
      <symbol id="sm-b56">
         <name>EUSCIB1_IRQHandler</name>
         <value>0xb33</value>
      </symbol>
      <symbol id="sm-b57">
         <name>EUSCIB2_IRQHandler</name>
         <value>0xb33</value>
      </symbol>
      <symbol id="sm-b58">
         <name>EUSCIB3_IRQHandler</name>
         <value>0xb33</value>
      </symbol>
      <symbol id="sm-b59">
         <name>ADC14_IRQHandler</name>
         <value>0xb33</value>
      </symbol>
      <symbol id="sm-b5a">
         <name>T32_INT1_IRQHandler</name>
         <value>0xb33</value>
      </symbol>
      <symbol id="sm-b5b">
         <name>T32_INT2_IRQHandler</name>
         <value>0xb33</value>
      </symbol>
      <symbol id="sm-b5c">
         <name>T32_INTC_IRQHandler</name>
         <value>0xb33</value>
      </symbol>
      <symbol id="sm-b5d">
         <name>AES256_IRQHandler</name>
         <value>0xb33</value>
      </symbol>
      <symbol id="sm-b5e">
         <name>RTC_C_IRQHandler</name>
         <value>0xb33</value>
      </symbol>
      <symbol id="sm-b5f">
         <name>DMA_ERR_IRQHandler</name>
         <value>0xb33</value>
      </symbol>
      <symbol id="sm-b60">
         <name>DMA_INT3_IRQHandler</name>
         <value>0xb33</value>
      </symbol>
      <symbol id="sm-b61">
         <name>DMA_INT2_IRQHandler</name>
         <value>0xb33</value>
      </symbol>
      <symbol id="sm-b62">
         <name>DMA_INT1_IRQHandler</name>
         <value>0xb33</value>
      </symbol>
      <symbol id="sm-b63">
         <name>DMA_INT0_IRQHandler</name>
         <value>0xb33</value>
      </symbol>
      <symbol id="sm-b64">
         <name>PORT1_IRQHandler</name>
         <value>0xb33</value>
      </symbol>
      <symbol id="sm-b65">
         <name>PORT2_IRQHandler</name>
         <value>0xb33</value>
      </symbol>
      <symbol id="sm-b66">
         <name>PORT3_IRQHandler</name>
         <value>0xb33</value>
      </symbol>
      <symbol id="sm-b67">
         <name>PORT4_IRQHandler</name>
         <value>0xb33</value>
      </symbol>
      <symbol id="sm-b68">
         <name>PORT5_IRQHandler</name>
         <value>0xb33</value>
      </symbol>
      <symbol id="sm-b69">
         <name>PORT6_IRQHandler</name>
         <value>0xb33</value>
      </symbol>
      <symbol id="sm-b6a">
         <name>remove</name>
         <value>0x3c6d</value>
      </symbol>
   </symbol_table>
   <title>Link successful</title>
</link_info>
